Archive member included to satisfy reference by file (symbol)

c:/st/stm32cubeide_1.8.0/stm32cubeide/plugins/com.st.stm32cube.ide.mcu.externaltools.gnu-tools-for-stm32.9-2020-q2-update.win32_2.0.0.202105311346/tools/bin/../lib/gcc/arm-none-eabi/9.3.1/../../../../arm-none-eabi/lib/thumb/v7e-m+fp/hard\libc_nano.a(lib_a-errno.o)
                              ./Src/syscalls.o (__errno)
c:/st/stm32cubeide_1.8.0/stm32cubeide/plugins/com.st.stm32cube.ide.mcu.externaltools.gnu-tools-for-stm32.9-2020-q2-update.win32_2.0.0.202105311346/tools/bin/../lib/gcc/arm-none-eabi/9.3.1/../../../../arm-none-eabi/lib/thumb/v7e-m+fp/hard\libc_nano.a(lib_a-exit.o)
                              c:/st/stm32cubeide_1.8.0/stm32cubeide/plugins/com.st.stm32cube.ide.mcu.externaltools.gnu-tools-for-stm32.9-2020-q2-update.win32_2.0.0.202105311346/tools/bin/../lib/gcc/arm-none-eabi/9.3.1/../../../../arm-none-eabi/lib/thumb/v7e-m+fp/hard/crt0.o (exit)
c:/st/stm32cubeide_1.8.0/stm32cubeide/plugins/com.st.stm32cube.ide.mcu.externaltools.gnu-tools-for-stm32.9-2020-q2-update.win32_2.0.0.202105311346/tools/bin/../lib/gcc/arm-none-eabi/9.3.1/../../../../arm-none-eabi/lib/thumb/v7e-m+fp/hard\libc_nano.a(lib_a-impure.o)
                              c:/st/stm32cubeide_1.8.0/stm32cubeide/plugins/com.st.stm32cube.ide.mcu.externaltools.gnu-tools-for-stm32.9-2020-q2-update.win32_2.0.0.202105311346/tools/bin/../lib/gcc/arm-none-eabi/9.3.1/../../../../arm-none-eabi/lib/thumb/v7e-m+fp/hard\libc_nano.a(lib_a-exit.o) (_global_impure_ptr)
c:/st/stm32cubeide_1.8.0/stm32cubeide/plugins/com.st.stm32cube.ide.mcu.externaltools.gnu-tools-for-stm32.9-2020-q2-update.win32_2.0.0.202105311346/tools/bin/../lib/gcc/arm-none-eabi/9.3.1/../../../../arm-none-eabi/lib/thumb/v7e-m+fp/hard\libc_nano.a(lib_a-init.o)
                              c:/st/stm32cubeide_1.8.0/stm32cubeide/plugins/com.st.stm32cube.ide.mcu.externaltools.gnu-tools-for-stm32.9-2020-q2-update.win32_2.0.0.202105311346/tools/bin/../lib/gcc/arm-none-eabi/9.3.1/../../../../arm-none-eabi/lib/thumb/v7e-m+fp/hard/crt0.o (__libc_init_array)
c:/st/stm32cubeide_1.8.0/stm32cubeide/plugins/com.st.stm32cube.ide.mcu.externaltools.gnu-tools-for-stm32.9-2020-q2-update.win32_2.0.0.202105311346/tools/bin/../lib/gcc/arm-none-eabi/9.3.1/../../../../arm-none-eabi/lib/thumb/v7e-m+fp/hard\libc_nano.a(lib_a-memset.o)
                              c:/st/stm32cubeide_1.8.0/stm32cubeide/plugins/com.st.stm32cube.ide.mcu.externaltools.gnu-tools-for-stm32.9-2020-q2-update.win32_2.0.0.202105311346/tools/bin/../lib/gcc/arm-none-eabi/9.3.1/../../../../arm-none-eabi/lib/thumb/v7e-m+fp/hard/crt0.o (memset)
c:/st/stm32cubeide_1.8.0/stm32cubeide/plugins/com.st.stm32cube.ide.mcu.externaltools.gnu-tools-for-stm32.9-2020-q2-update.win32_2.0.0.202105311346/tools/bin/../lib/gcc/arm-none-eabi/9.3.1/../../../../arm-none-eabi/lib/thumb/v7e-m+fp/hard\libc_nano.a(lib_a-puts.o)
                              ./Src/017rtc_lcd.o (puts)
c:/st/stm32cubeide_1.8.0/stm32cubeide/plugins/com.st.stm32cube.ide.mcu.externaltools.gnu-tools-for-stm32.9-2020-q2-update.win32_2.0.0.202105311346/tools/bin/../lib/gcc/arm-none-eabi/9.3.1/../../../../arm-none-eabi/lib/thumb/v7e-m+fp/hard\libc_nano.a(lib_a-wbuf.o)
                              c:/st/stm32cubeide_1.8.0/stm32cubeide/plugins/com.st.stm32cube.ide.mcu.externaltools.gnu-tools-for-stm32.9-2020-q2-update.win32_2.0.0.202105311346/tools/bin/../lib/gcc/arm-none-eabi/9.3.1/../../../../arm-none-eabi/lib/thumb/v7e-m+fp/hard\libc_nano.a(lib_a-puts.o) (__swbuf_r)
c:/st/stm32cubeide_1.8.0/stm32cubeide/plugins/com.st.stm32cube.ide.mcu.externaltools.gnu-tools-for-stm32.9-2020-q2-update.win32_2.0.0.202105311346/tools/bin/../lib/gcc/arm-none-eabi/9.3.1/../../../../arm-none-eabi/lib/thumb/v7e-m+fp/hard\libc_nano.a(lib_a-wsetup.o)
                              c:/st/stm32cubeide_1.8.0/stm32cubeide/plugins/com.st.stm32cube.ide.mcu.externaltools.gnu-tools-for-stm32.9-2020-q2-update.win32_2.0.0.202105311346/tools/bin/../lib/gcc/arm-none-eabi/9.3.1/../../../../arm-none-eabi/lib/thumb/v7e-m+fp/hard\libc_nano.a(lib_a-puts.o) (__swsetup_r)
c:/st/stm32cubeide_1.8.0/stm32cubeide/plugins/com.st.stm32cube.ide.mcu.externaltools.gnu-tools-for-stm32.9-2020-q2-update.win32_2.0.0.202105311346/tools/bin/../lib/gcc/arm-none-eabi/9.3.1/../../../../arm-none-eabi/lib/thumb/v7e-m+fp/hard\libc_nano.a(lib_a-fflush.o)
                              c:/st/stm32cubeide_1.8.0/stm32cubeide/plugins/com.st.stm32cube.ide.mcu.externaltools.gnu-tools-for-stm32.9-2020-q2-update.win32_2.0.0.202105311346/tools/bin/../lib/gcc/arm-none-eabi/9.3.1/../../../../arm-none-eabi/lib/thumb/v7e-m+fp/hard\libc_nano.a(lib_a-wbuf.o) (_fflush_r)
c:/st/stm32cubeide_1.8.0/stm32cubeide/plugins/com.st.stm32cube.ide.mcu.externaltools.gnu-tools-for-stm32.9-2020-q2-update.win32_2.0.0.202105311346/tools/bin/../lib/gcc/arm-none-eabi/9.3.1/../../../../arm-none-eabi/lib/thumb/v7e-m+fp/hard\libc_nano.a(lib_a-findfp.o)
[...]
Memory Configuration

Name             Origin             Length             Attributes
CCMRAM           0x0000000010000000 0x0000000000010000 xrw
RAM              0x0000000020000000 0x0000000000020000 xrw
FLASH            0x0000000008000000 0x0000000000100000 xr
*default*        0x0000000000000000 0xffffffffffffffff

Linker script and memory map

LOAD c:/st/stm32cubeide_1.8.0/stm32cubeide/plugins/com.st.stm32cube.ide.mcu.externaltools.gnu-tools-for-stm32.9-2020-q2-update.win32_2.0.0.202105311346/tools/bin/../lib/gcc/arm-none-eabi/9.3.1/thumb/v7e-m+fp/hard/crti.o
LOAD c:/st/stm32cubeide_1.8.0/stm32cubeide/plugins/com.st.stm32cube.ide.mcu.externaltools.gnu-tools-for-stm32.9-2020-q2-update.win32_2.0.0.202105311346/tools/bin/../lib/gcc/arm-none-eabi/9.3.1/thumb/v7e-m+fp/hard/crtbegin.o
LOAD c:/st/stm32cubeide_1.8.0/stm32cubeide/plugins/com.st.stm32cube.ide.mcu.externaltools.gnu-tools-for-stm32.9-2020-q2-update.win32_2.0.0.202105311346/tools/bin/../lib/gcc/arm-none-eabi/9.3.1/../../../../arm-none-eabi/lib/thumb/v7e-m+fp/hard/crt0.o
LOAD ./BSP/ds1307.o
LOAD ./BSP/lcd.o
LOAD ./Src/017rtc_lcd.o
LOAD ./Src/syscalls.o
LOAD ./Src/sysmem.o
LOAD ./Startup/startup_stm32f407vgtx.o
LOAD ./drivers/Src/stm32f407xx_gpio_driver.o
LOAD ./drivers/Src/stm32f407xx_i2c_driver.o
LOAD ./drivers/Src/stm32f407xx_rcc_driver.o
LOAD ./drivers/Src/stm32f407xx_spi_driver.o
LOAD ./drivers/Src/stm32f407xx_usart_driver.o
START GROUP
LOAD c:/st/stm32cubeide_1.8.0/stm32cubeide/plugins/com.st.stm32cube.ide.mcu.externaltools.gnu-tools-for-stm32.9-2020-q2-update.win32_2.0.0.202105311346/tools/bin/../lib/gcc/arm-none-eabi/9.3.1/../../../../arm-none-eabi/lib/thumb/v7e-m+fp/hard\libc_nano.a
LOAD c:/st/stm32cubeide_1.8.0/stm32cubeide/plugins/com.st.stm32cube.ide.mcu.externaltools.gnu-tools-for-stm32.9-2020-q2-update.win32_2.0.0.202105311346/tools/bin/../lib/gcc/arm-none-eabi/9.3.1/../../../../arm-none-eabi/lib/thumb/v7e-m+fp/hard\libm.a
END GROUP
START GROUP
LOAD c:/st/stm32cubeide_1.8.0/stm32cubeide/plugins/com.st.stm32cube.ide.mcu.externaltools.gnu-tools-for-stm32.9-2020-q2-update.win32_2.0.0.202105311346/tools/bin/../lib/gcc/arm-none-eabi/9.3.1/thumb/v7e-m+fp/hard\libgcc.a
LOAD c:/st/stm32cubeide_1.8.0/stm32cubeide/plugins/com.st.stm32cube.ide.mcu.externaltools.gnu-tools-for-stm32.9-2020-q2-update.win32_2.0.0.202105311346/tools/bin/../lib/gcc/arm-none-eabi/9.3.1/../../../../arm-none-eabi/lib/thumb/v7e-m+fp/hard\libc_nano.a
END GROUP
START GROUP
LOAD c:/st/stm32cubeide_1.8.0/stm32cubeide/plugins/com.st.stm32cube.ide.mcu.externaltools.gnu-tools-for-stm32.9-2020-q2-update.win32_2.0.0.202105311346/tools/bin/../lib/gcc/arm-none-eabi/9.3.1/thumb/v7e-m+fp/hard\libgcc.a
LOAD c:/st/stm32cubeide_1.8.0/stm32cubeide/plugins/com.st.stm32cube.ide.mcu.externaltools.gnu-tools-for-stm32.9-2020-q2-update.win32_2.0.0.202105311346/tools/bin/../lib/gcc/arm-none-eabi/9.3.1/../../../../arm-none-eabi/lib/thumb/v7e-m+fp/hard\libc_nano.a
LOAD c:/st/stm32cubeide_1.8.0/stm32cubeide/plugins/com.st.stm32cube.ide.mcu.externaltools.gnu-tools-for-stm32.9-2020-q2-update.win32_2.0.0.202105311346/tools/bin/../lib/gcc/arm-none-eabi/9.3.1/../../../../arm-none-eabi/lib/thumb/v7e-m+fp/hard\libnosys.a
END GROUP
START GROUP
LOAD c:/st/stm32cubeide_1.8.0/stm32cubeide/plugins/com.st.stm32cube.ide.mcu.externaltools.gnu-tools-for-stm32.9-2020-q2-update.win32_2.0.0.202105311346/tools/bin/../lib/gcc/arm-none-eabi/9.3.1/thumb/v7e-m+fp/hard\libgcc.a
LOAD c:/st/stm32cubeide_1.8.0/stm32cubeide/plugins/com.st.stm32cube.ide.mcu.externaltools.gnu-tools-for-stm32.9-2020-q2-update.win32_2.0.0.202105311346/tools/bin/../lib/gcc/arm-none-eabi/9.3.1/../../../../arm-none-eabi/lib/thumb/v7e-m+fp/hard\libc_nano.a
LOAD c:/st/stm32cubeide_1.8.0/stm32cubeide/plugins/com.st.stm32cube.ide.mcu.externaltools.gnu-tools-for-stm32.9-2020-q2-update.win32_2.0.0.202105311346/tools/bin/../lib/gcc/arm-none-eabi/9.3.1/../../../../arm-none-eabi/lib/thumb/v7e-m+fp/hard\libnosys.a
END GROUP
LOAD c:/st/stm32cubeide_1.8.0/stm32cubeide/plugins/com.st.stm32cube.ide.mcu.externaltools.gnu-tools-for-stm32.9-2020-q2-update.win32_2.0.0.202105311346/tools/bin/../lib/gcc/arm-none-eabi/9.3.1/thumb/v7e-m+fp/hard/crtend.o
LOAD c:/st/stm32cubeide_1.8.0/stm32cubeide/plugins/com.st.stm32cube.ide.mcu.externaltools.gnu-tools-for-stm32.9-2020-q2-update.win32_2.0.0.202105311346/tools/bin/../lib/gcc/arm-none-eabi/9.3.1/thumb/v7e-m+fp/hard/crtn.o
                0x0000000020020000                _estack = (ORIGIN (RAM) + LENGTH (RAM))
                0x0000000000000200                _Min_Heap_Size = 0x200
                0x0000000000000400                _Min_Stack_Size = 0x400

.isr_vector     0x0000000008000000      0x1a8
                0x0000000008000000                . = ALIGN (0x4)
 *(.isr_vector)
 .isr_vector    0x0000000008000000      0x1a8 ./Startup/startup_stm32f407vgtx.o
                0x0000000008000000                g_pfnVectors
                0x00000000080001a8                . = ALIGN (0x4)

.text           0x00000000080001a8     0x22e4
                0x00000000080001a8                . = ALIGN (0x4)
 *(.text)
 .text          0x00000000080001a8       0x40 c:/st/stm32cubeide_1.8.0/stm32cubeide/plugins/com.st.stm32cube.ide.mcu.externaltools.gnu-tools-for-stm32.9-2020-q2-update.win32_2.0.0.202105311346/tools/bin/../lib/gcc/arm-none-eabi/9.3.1/thumb/v7e-m+fp/hard/crtbegin.o
 *(.text*)
 .text.ds1307_init
                0x00000000080001e8       0x3c ./BSP/ds1307.o
                0x00000000080001e8                ds1307_init
 .text.ds1307_set_current_time
                0x0000000008000224       0x92 ./BSP/ds1307.o
                0x0000000008000224                ds1307_set_current_time
 .text.ds1307_set_current_date
                0x00000000080002b6       0x60 ./BSP/ds1307.o
                0x00000000080002b6                ds1307_set_current_date
 .text.ds1307_get_current_time
                0x0000000008000316       0x92 ./BSP/ds1307.o
                0x0000000008000316                ds1307_get_current_time
 .text.ds1307_get_current_date
                0x00000000080003a8       0x68 ./BSP/ds1307.o
                0x00000000080003a8                ds1307_get_current_date
 .text.ds1307_i2c_pin_config
                0x0000000008000410       0x78 ./BSP/ds1307.o
 .text.ds1307_i2c_config
                0x0000000008000488       0x2c ./BSP/ds1307.o
 .text.ds1307_write
                0x00000000080004b4       0x38 ./BSP/ds1307.o
 .text.ds1307_read
                0x00000000080004ec       0x3c ./BSP/ds1307.o
 .text.binary_to_bcd
                0x0000000008000528       0x58 ./BSP/ds1307.o
 .text.bcd_to_binary
                0x0000000008000580       0x36 ./BSP/ds1307.o
 *fill*         0x00000000080005b6        0x2 
 .text.lcd_send_command
                0x00000000080005b8       0x44 ./BSP/lcd.o
                0x00000000080005b8                lcd_send_command
 .text.lcd_print_char
                0x00000000080005fc       0x44 ./BSP/lcd.o
                0x00000000080005fc                lcd_print_char
 .text.lcd_print_string
                0x0000000008000640       0x28 ./BSP/lcd.o
                0x0000000008000640                lcd_print_string
 .text.lcd_init
                0x0000000008000668      0x114 ./BSP/lcd.o
                0x0000000008000668                lcd_init
 .text.write_4_bits
                0x000000000800077c       0x70 ./BSP/lcd.o
 .text.lcd_display_clear
                0x00000000080007ec       0x14 ./BSP/lcd.o
                0x00000000080007ec                lcd_display_clear
 .text.lcd_display_return_home
                0x0000000008000800       0x14 ./BSP/lcd.o
                0x0000000008000800                lcd_display_return_home
 .text.lcd_set_cursor
                0x0000000008000814       0x4e ./BSP/lcd.o
                0x0000000008000814                lcd_set_cursor
 *fill*         0x0000000008000862        0x2 
 .text.lcd_enable
                0x0000000008000864       0x2c ./BSP/lcd.o
 .text.mdelay   0x0000000008000890       0x32 ./BSP/lcd.o
 .text.udelay   0x00000000080008c2       0x2a ./BSP/lcd.o
 .text.init_systick_timer
                0x00000000080008ec       0x6c ./Src/017rtc_lcd.o
                0x00000000080008ec                init_systick_timer
 .text.get_day_of_week
                0x0000000008000958       0x3c ./Src/017rtc_lcd.o
                0x0000000008000958                get_day_of_week
 .text.number_to_string
                0x0000000008000994       0x78 ./Src/017rtc_lcd.o
                0x0000000008000994                number_to_string
 .text.time_to_string
                0x0000000008000a0c       0x54 ./Src/017rtc_lcd.o
                0x0000000008000a0c                time_to_string
 .text.date_to_string
                0x0000000008000a60       0x54 ./Src/017rtc_lcd.o
                0x0000000008000a60                date_to_string
 .text.mdelay   0x0000000008000ab4       0x32 ./Src/017rtc_lcd.o
 *fill*         0x0000000008000ae6        0x2 
 .text.main     0x0000000008000ae8       0xe8 ./Src/017rtc_lcd.o
                0x0000000008000ae8                main
 .text.SysTick_Handler
                0x0000000008000bd0       0xac ./Src/017rtc_lcd.o
                0x0000000008000bd0                SysTick_Handler
 .text.ITM_SendChar
                0x0000000008000c7c       0x50 ./Src/syscalls.o
                0x0000000008000c7c                ITM_SendChar
 .text._read    0x0000000008000ccc       0x3a ./Src/syscalls.o
                0x0000000008000ccc                _read
 .text._write   0x0000000008000d06       0x38 ./Src/syscalls.o
                0x0000000008000d06                _write
 .text._close   0x0000000008000d3e       0x18 ./Src/syscalls.o
                0x0000000008000d3e                _close
 .text._fstat   0x0000000008000d56       0x20 ./Src/syscalls.o
                0x0000000008000d56                _fstat
 .text._isatty  0x0000000008000d76       0x16 ./Src/syscalls.o
                0x0000000008000d76                _isatty
 .text._lseek   0x0000000008000d8c       0x1a ./Src/syscalls.o
                0x0000000008000d8c                _lseek
 *fill*         0x0000000008000da6        0x2 
 .text._sbrk    0x0000000008000da8       0x6c ./Src/sysmem.o
                0x0000000008000da8                _sbrk
 .text.Reset_Handler
                0x0000000008000e14       0x50 ./Startup/startup_stm32f407vgtx.o
                0x0000000008000e14                Reset_Handler
 .text.Default_Handler
                0x0000000008000e64        0x2 ./Startup/startup_stm32f407vgtx.o
                0x0000000008000e64                RTC_Alarm_IRQHandler
                0x0000000008000e64                HASH_RNG_IRQHandler
                0x0000000008000e64                EXTI2_IRQHandler
                0x0000000008000e64                TIM8_CC_IRQHandler
                0x0000000008000e64                DebugMon_Handler
                0x0000000008000e64                TIM1_CC_IRQHandler
                0x0000000008000e64                DMA2_Stream5_IRQHandler
                0x0000000008000e64                HardFault_Handler
                0x0000000008000e64                DMA1_Stream5_IRQHandler
                0x0000000008000e64                PVD_IRQHandler
                0x0000000008000e64                SDIO_IRQHandler
                0x0000000008000e64                TAMP_STAMP_IRQHandler
                0x0000000008000e64                PendSV_Handler
                0x0000000008000e64                NMI_Handler
                0x0000000008000e64                CAN2_RX1_IRQHandler
                0x0000000008000e64                EXTI3_IRQHandler
                0x0000000008000e64                TIM8_TRG_COM_TIM14_IRQHandler
                0x0000000008000e64                TIM1_UP_TIM10_IRQHandler
                0x0000000008000e64                TIM8_UP_TIM13_IRQHandler
                0x0000000008000e64                I2C3_ER_IRQHandler
                0x0000000008000e64                LCD_TFT_IRQHandler
                0x0000000008000e64                EXTI0_IRQHandler
                0x0000000008000e64                I2C2_EV_IRQHandler
                0x0000000008000e64                DMA1_Stream2_IRQHandler
                0x0000000008000e64                CAN1_RX0_IRQHandler
                0x0000000008000e64                FPU_IRQHandler
                0x0000000008000e64                OTG_HS_WKUP_IRQHandler
                0x0000000008000e64                UsageFault_Handler
                0x0000000008000e64                CAN2_SCE_IRQHandler
                0x0000000008000e64                DMA2_Stream2_IRQHandler
                0x0000000008000e64                SPI1_IRQHandler
                0x0000000008000e64                TIM6_DAC_IRQHandler
                0x0000000008000e64                TIM1_BRK_TIM9_IRQHandler
                0x0000000008000e64                DCMI_IRQHandler
                0x0000000008000e64                CAN2_RX0_IRQHandler
                0x0000000008000e64                DMA2_Stream3_IRQHandler
                0x0000000008000e64                USART6_IRQHandler
                0x0000000008000e64                USART3_IRQHandler
                0x0000000008000e64                CRYP_IRQHandler
                0x0000000008000e64                CAN1_RX1_IRQHandler
                0x0000000008000e64                UART5_IRQHandler
                0x0000000008000e64                DMA2_Stream0_IRQHandler
                0x0000000008000e64                TIM4_IRQHandler
                0x0000000008000e64                I2C1_EV_IRQHandler
                0x0000000008000e64                DMA1_Stream6_IRQHandler
                0x0000000008000e64                DMA1_Stream1_IRQHandler
                0x0000000008000e64                UART4_IRQHandler
                0x0000000008000e64                LCD_TFT_1_IRQHandler
                0x0000000008000e64                TIM3_IRQHandler
                0x0000000008000e64                RCC_IRQHandler
                0x0000000008000e64                TIM8_BRK_TIM12_IRQHandler
                0x0000000008000e64                Default_Handler
                0x0000000008000e64                EXTI15_10_IRQHandler
                0x0000000008000e64                ADC_IRQHandler
                0x0000000008000e64                DMA1_Stream7_IRQHandler
                0x0000000008000e64                TIM7_IRQHandler
                0x0000000008000e64                CAN2_TX_IRQHandler
                0x0000000008000e64                TIM5_IRQHandler
                0x0000000008000e64                DMA2_Stream7_IRQHandler
                0x0000000008000e64                I2C3_EV_IRQHandler
                0x0000000008000e64                EXTI9_5_IRQHandler
                0x0000000008000e64                RTC_WKUP_IRQHandler
                0x0000000008000e64                ETH_WKUP_IRQHandler
                0x0000000008000e64                SPI2_IRQHandler
                0x0000000008000e64                OTG_HS_EP1_IN_IRQHandler
                0x0000000008000e64                MemManage_Handler
                0x0000000008000e64                DMA1_Stream0_IRQHandler
                0x0000000008000e64                CAN1_TX_IRQHandler
                0x0000000008000e64                SVC_Handler
                0x0000000008000e64                EXTI4_IRQHandler
                0x0000000008000e64                FSMC_IRQHandler
                0x0000000008000e64                ETH_IRQHandler
                0x0000000008000e64                OTG_HS_EP1_OUT_IRQHandler
                0x0000000008000e64                WWDG_IRQHandler
                0x0000000008000e64                TIM2_IRQHandler
                0x0000000008000e64                OTG_FS_WKUP_IRQHandler
                0x0000000008000e64                TIM1_TRG_COM_TIM11_IRQHandler
                0x0000000008000e64                OTG_HS_IRQHandler
                0x0000000008000e64                EXTI1_IRQHandler
                0x0000000008000e64                USART2_IRQHandler
                0x0000000008000e64                I2C2_ER_IRQHandler
                0x0000000008000e64                DMA2_Stream1_IRQHandler
                0x0000000008000e64                CAN1_SCE_IRQHandler
                0x0000000008000e64                DMA2_Stream4_IRQHandler
                0x0000000008000e64                BusFault_Handler
                0x0000000008000e64                USART1_IRQHandler
                0x0000000008000e64                OTG_FS_IRQHandler
                0x0000000008000e64                SPI3_IRQHandler
                0x0000000008000e64                DMA1_Stream4_IRQHandler
                0x0000000008000e64                I2C1_ER_IRQHandler
                0x0000000008000e64                DMA2_Stream6_IRQHandler
                0x0000000008000e64                DMA1_Stream3_IRQHandler
 *fill*         0x0000000008000e66        0x2 
 .text.GPIO_PeriClockControl
                0x0000000008000e68      0x230 ./drivers/Src/stm32f407xx_gpio_driver.o
                0x0000000008000e68                GPIO_PeriClockControl
 .text.GPIO_Init
                0x0000000008001098      0x344 ./drivers/Src/stm32f407xx_gpio_driver.o
                0x0000000008001098                GPIO_Init
 .text.GPIO_WriteToOutputPin
                0x00000000080013dc       0x4a ./drivers/Src/stm32f407xx_gpio_driver.o
                0x00000000080013dc                GPIO_WriteToOutputPin
 .text.I2C_GenerateStartCondition
                0x0000000008001426       0x20 ./drivers/Src/stm32f407xx_i2c_driver.o
 .text.I2C_ExecuteAddressPhaseWrite
                0x0000000008001446       0x2c ./drivers/Src/stm32f407xx_i2c_driver.o
 .text.I2C_ExecuteAddressPhaseRead
                0x0000000008001472       0x2c ./drivers/Src/stm32f407xx_i2c_driver.o
 .text.I2C_ClearADDRFlag
                0x000000000800149e       0x6e ./drivers/Src/stm32f407xx_i2c_driver.o
 .text.I2C_GenerateStopCondition
                0x000000000800150c       0x20 ./drivers/Src/stm32f407xx_i2c_driver.o
                0x000000000800150c                I2C_GenerateStopCondition
 .text.I2C_PeripheralControl
                0x000000000800152c       0x38 ./drivers/Src/stm32f407xx_i2c_driver.o
                0x000000000800152c                I2C_PeripheralControl
 .text.I2C_PeriClockControl
                0x0000000008001564       0xb0 ./drivers/Src/stm32f407xx_i2c_driver.o
                0x0000000008001564                I2C_PeriClockControl
 .text.I2C_Init
                0x0000000008001614      0x164 ./drivers/Src/stm32f407xx_i2c_driver.o
                0x0000000008001614                I2C_Init
 .text.I2C_GetFlagStatus
                0x0000000008001778       0x28 ./drivers/Src/stm32f407xx_i2c_driver.o
                0x0000000008001778                I2C_GetFlagStatus
 .text.I2C_MasterSendData
                0x00000000080017a0       0xc6 ./drivers/Src/stm32f407xx_i2c_driver.o
                0x00000000080017a0                I2C_MasterSendData
 .text.I2C_MasterReceiveData
                0x0000000008001866      0x124 ./drivers/Src/stm32f407xx_i2c_driver.o
                0x0000000008001866                I2C_MasterReceiveData
 .text.I2C_ManageAcking
                0x000000000800198a       0x38 ./drivers/Src/stm32f407xx_i2c_driver.o
                0x000000000800198a                I2C_ManageAcking
 *fill*         0x00000000080019c2        0x2 
 .text.RCC_GetPCLK1Value
                0x00000000080019c4       0xb0 ./drivers/Src/stm32f407xx_rcc_driver.o
                0x00000000080019c4                RCC_GetPCLK1Value
 .text.RCC_GetPLLOutputClock
                0x0000000008001a74       0x10 ./drivers/Src/stm32f407xx_rcc_driver.o
                0x0000000008001a74                RCC_GetPLLOutputClock
 .text.__errno  0x0000000008001a84        0xc c:/st/stm32cubeide_1.8.0/stm32cubeide/plugins/com.st.stm32cube.ide.mcu.externaltools.gnu-tools-for-stm32.9-2020-q2-update.win32_2.0.0.202105311346/tools/bin/../lib/gcc/arm-none-eabi/9.3.1/../../../../arm-none-eabi/lib/thumb/v7e-m+fp/hard\libc_nano.a(lib_a-errno.o)
                0x0000000008001a84                __errno
 .text.__libc_init_array
                0x0000000008001a90       0x48 c:/st/stm32cubeide_1.8.0/stm32cubeide/plugins/com.st.stm32cube.ide.mcu.externaltools.gnu-tools-for-stm32.9-2020-q2-update.win32_2.0.0.202105311346/tools/bin/../lib/gcc/arm-none-eabi/9.3.1/../../../../arm-none-eabi/lib/thumb/v7e-m+fp/hard\libc_nano.a(lib_a-init.o)
                0x0000000008001a90                __libc_init_array
 .text.memset   0x0000000008001ad8       0x10 c:/st/stm32cubeide_1.8.0/stm32cubeide/plugins/com.st.stm32cube.ide.mcu.externaltools.gnu-tools-for-stm32.9-2020-q2-update.win32_2.0.0.202105311346/tools/bin/../lib/gcc/arm-none-eabi/9.3.1/../../../../arm-none-eabi/lib/thumb/v7e-m+fp/hard\libc_nano.a(lib_a-memset.o)
                0x0000000008001ad8                memset
 .text._puts_r  0x0000000008001ae8       0xdc c:/st/stm32cubeide_1.8.0/stm32cubeide/plugins/com.st.stm32cube.ide.mcu.externaltools.gnu-tools-for-stm32.9-2020-q2-update.win32_2.0.0.202105311346/tools/bin/../lib/gcc/arm-none-eabi/9.3.1/../../../../arm-none-eabi/lib/thumb/v7e-m+fp/hard\libc_nano.a(lib_a-puts.o)
                0x0000000008001ae8                _puts_r
 .text.puts     0x0000000008001bc4       0x10 c:/st/stm32cubeide_1.8.0/stm32cubeide/plugins/com.st.stm32cube.ide.mcu.externaltools.gnu-tools-for-stm32.9-2020-q2-update.win32_2.0.0.202105311346/tools/bin/../lib/gcc/arm-none-eabi/9.3.1/../../../../arm-none-eabi/lib/thumb/v7e-m+fp/hard\libc_nano.a(lib_a-puts.o)
                0x0000000008001bc4                puts
 .text.__swbuf_r
                0x0000000008001bd4       0xa4 c:/st/stm32cubeide_1.8.0/stm32cubeide/plugins/com.st.stm32cube.ide.mcu.externaltools.gnu-tools-for-stm32.9-2020-q2-update.win32_2.0.0.202105311346/tools/bin/../lib/gcc/arm-none-eabi/9.3.1/../../../../arm-none-eabi/lib/thumb/v7e-m+fp/hard\libc_nano.a(lib_a-wbuf.o)
                0x0000000008001bd4                __swbuf_r
 .text.__swsetup_r
                0x0000000008001c78       0xdc c:/st/stm32cubeide_1.8.0/stm32cubeide/plugins/com.st.stm32cube.ide.mcu.externaltools.gnu-tools-for-stm32.9-2020-q2-update.win32_2.0.0.202105311346/tools/bin/../lib/gcc/arm-none-eabi/9.3.1/../../../../arm-none-eabi/lib/thumb/v7e-m+fp/hard\libc_nano.a(lib_a-wsetup.o)
                0x0000000008001c78                __swsetup_r
 .text.__sflush_r
                0x0000000008001d54      0x10c c:/st/stm32cubeide_1.8.0/stm32cubeide/plugins/com.st.stm32cube.ide.mcu.externaltools.gnu-tools-for-stm32.9-2020-q2-update.win32_2.0.0.202105311346/tools/bin/../lib/gcc/arm-none-eabi/9.3.1/../../../../arm-none-eabi/lib/thumb/v7e-m+fp/hard\libc_nano.a(lib_a-fflush.o)
                0x0000000008001d54                __sflush_r
 .text._fflush_r
                0x0000000008001e60       0x78 c:/st/stm32cubeide_1.8.0/stm32cubeide/plugins/com.st.stm32cube.ide.mcu.externaltools.gnu-tools-for-stm32.9-2020-q2-update.win32_2.0.0.202105311346/tools/bin/../lib/gcc/arm-none-eabi/9.3.1/../../../../arm-none-eabi/lib/thumb/v7e-m+fp/hard\libc_nano.a(lib_a-fflush.o)
                0x0000000008001e60                _fflush_r
 .text.std      0x0000000008001ed8       0x48 c:/st/stm32cubeide_1.8.0/stm32cubeide/plugins/com.st.stm32cube.ide.mcu.externaltools.gnu-tools-for-stm32.9-2020-q2-update.win32_2.0.0.202105311346/tools/bin/../lib/gcc/arm-none-eabi/9.3.1/../../../../arm-none-eabi/lib/thumb/v7e-m+fp/hard\libc_nano.a(lib_a-findfp.o)
 .text._cleanup_r
                0x0000000008001f20        0xc c:/st/stm32cubeide_1.8.0/stm32cubeide/plugins/com.st.stm32cube.ide.mcu.externaltools.gnu-tools-for-stm32.9-2020-q2-update.win32_2.0.0.202105311346/tools/bin/../lib/gcc/arm-none-eabi/9.3.1/../../../../arm-none-eabi/lib/thumb/v7e-m+fp/hard\libc_nano.a(lib_a-findfp.o)
                0x0000000008001f20                _cleanup_r
 .text.__sfmoreglue
                0x0000000008001f2c       0x2c c:/st/stm32cubeide_1.8.0/stm32cubeide/plugins/com.st.stm32cube.ide.mcu.externaltools.gnu-tools-for-stm32.9-2020-q2-update.win32_2.0.0.202105311346/tools/bin/../lib/gcc/arm-none-eabi/9.3.1/../../../../arm-none-eabi/lib/thumb/v7e-m+fp/hard\libc_nano.a(lib_a-findfp.o)
                0x0000000008001f2c                __sfmoreglue
 .text.__sfp_lock_acquire
                0x0000000008001f58        0xc c:/st/stm32cubeide_1.8.0/stm32cubeide/plugins/com.st.stm32cube.ide.mcu.externaltools.gnu-tools-for-stm32.9-2020-q2-update.win32_2.0.0.202105311346/tools/bin/../lib/gcc/arm-none-eabi/9.3.1/../../../../arm-none-eabi/lib/thumb/v7e-m+fp/hard\libc_nano.a(lib_a-findfp.o)
                0x0000000008001f58                __sfp_lock_acquire
 .text.__sfp_lock_release
                0x0000000008001f64        0xc c:/st/stm32cubeide_1.8.0/stm32cubeide/plugins/com.st.stm32cube.ide.mcu.externaltools.gnu-tools-for-stm32.9-2020-q2-update.win32_2.0.0.202105311346/tools/bin/../lib/gcc/arm-none-eabi/9.3.1/../../../../arm-none-eabi/lib/thumb/v7e-m+fp/hard\libc_nano.a(lib_a-findfp.o)
                0x0000000008001f64                __sfp_lock_release
 .text.__sinit_lock_acquire
                0x0000000008001f70        0xc c:/st/stm32cubeide_1.8.0/stm32cubeide/plugins/com.st.stm32cube.ide.mcu.externaltools.gnu-tools-for-stm32.9-2020-q2-update.win32_2.0.0.202105311346/tools/bin/../lib/gcc/arm-none-eabi/9.3.1/../../../../arm-none-eabi/lib/thumb/v7e-m+fp/hard\libc_nano.a(lib_a-findfp.o)
                0x0000000008001f70                __sinit_lock_acquire
 .text.__sinit_lock_release
                0x0000000008001f7c        0xc c:/st/stm32cubeide_1.8.0/stm32cubeide/plugins/com.st.stm32cube.ide.mcu.externaltools.gnu-tools-for-stm32.9-2020-q2-update.win32_2.0.0.202105311346/tools/bin/../lib/gcc/arm-none-eabi/9.3.1/../../../../arm-none-eabi/lib/thumb/v7e-m+fp/hard\libc_nano.a(lib_a-findfp.o)
                0x0000000008001f7c                __sinit_lock_release
 .text.__sinit  0x0000000008001f88       0x70 c:/st/stm32cubeide_1.8.0/stm32cubeide/plugins/com.st.stm32cube.ide.mcu.externaltools.gnu-tools-for-stm32.9-2020-q2-update.win32_2.0.0.202105311346/tools/bin/../lib/gcc/arm-none-eabi/9.3.1/../../../../arm-none-eabi/lib/thumb/v7e-m+fp/hard\libc_nano.a(lib_a-findfp.o)
                0x0000000008001f88                __sinit
 .text.__sfp    0x0000000008001ff8       0x8c c:/st/stm32cubeide_1.8.0/stm32cubeide/plugins/com.st.stm32cube.ide.mcu.externaltools.gnu-tools-for-stm32.9-2020-q2-update.win32_2.0.0.202105311346/tools/bin/../lib/gcc/arm-none-eabi/9.3.1/../../../../arm-none-eabi/lib/thumb/v7e-m+fp/hard\libc_nano.a(lib_a-findfp.o)
                0x0000000008001ff8                __sfp
 .text._fwalk_reent
                0x0000000008002084       0x3e c:/st/stm32cubeide_1.8.0/stm32cubeide/plugins/com.st.stm32cube.ide.mcu.externaltools.gnu-tools-for-stm32.9-2020-q2-update.win32_2.0.0.202105311346/tools/bin/../lib/gcc/arm-none-eabi/9.3.1/../../../../arm-none-eabi/lib/thumb/v7e-m+fp/hard\libc_nano.a(lib_a-fwalk.o)
                0x0000000008002084                _fwalk_reent
 .text.__retarget_lock_init_recursive
                0x00000000080020c2        0x2 c:/st/stm32cubeide_1.8.0/stm32cubeide/plugins/com.st.stm32cube.ide.mcu.externaltools.gnu-tools-for-stm32.9-2020-q2-update.win32_2.0.0.202105311346/tools/bin/../lib/gcc/arm-none-eabi/9.3.1/../../../../arm-none-eabi/lib/thumb/v7e-m+fp/hard\libc_nano.a(lib_a-lock.o)
                0x00000000080020c2                __retarget_lock_init_recursive
 .text.__retarget_lock_acquire_recursive
                0x00000000080020c4        0x2 c:/st/stm32cubeide_1.8.0/stm32cubeide/plugins/com.st.stm32cube.ide.mcu.externaltools.gnu-tools-for-stm32.9-2020-q2-update.win32_2.0.0.202105311346/tools/bin/../lib/gcc/arm-none-eabi/9.3.1/../../../../arm-none-eabi/lib/thumb/v7e-m+fp/hard\libc_nano.a(lib_a-lock.o)
                0x00000000080020c4                __retarget_lock_acquire_recursive
 .text.__retarget_lock_release_recursive
                0x00000000080020c6        0x2 c:/st/stm32cubeide_1.8.0/stm32cubeide/plugins/com.st.stm32cube.ide.mcu.externaltools.gnu-tools-for-stm32.9-2020-q2-update.win32_2.0.0.202105311346/tools/bin/../lib/gcc/arm-none-eabi/9.3.1/../../../../arm-none-eabi/lib/thumb/v7e-m+fp/hard\libc_nano.a(lib_a-lock.o)
                0x00000000080020c6                __retarget_lock_release_recursive
 .text.__swhatbuf_r
                0x00000000080020c8       0x48 c:/st/stm32cubeide_1.8.0/stm32cubeide/plugins/com.st.stm32cube.ide.mcu.externaltools.gnu-tools-for-stm32.9-2020-q2-update.win32_2.0.0.202105311346/tools/bin/../lib/gcc/arm-none-eabi/9.3.1/../../../../arm-none-eabi/lib/thumb/v7e-m+fp/hard\libc_nano.a(lib_a-makebuf.o)
                0x00000000080020c8                __swhatbuf_r
 .text.__smakebuf_r
                0x0000000008002110       0x80 c:/st/stm32cubeide_1.8.0/stm32cubeide/plugins/com.st.stm32cube.ide.mcu.externaltools.gnu-tools-for-stm32.9-2020-q2-update.win32_2.0.0.202105311346/tools/bin/../lib/gcc/arm-none-eabi/9.3.1/../../../../arm-none-eabi/lib/thumb/v7e-m+fp/hard\libc_nano.a(lib_a-makebuf.o)
                0x0000000008002110                __smakebuf_r
 .text._free_r  0x0000000008002190       0xa0 c:/st/stm32cubeide_1.8.0/stm32cubeide/plugins/com.st.stm32cube.ide.mcu.externaltools.gnu-tools-for-stm32.9-2020-q2-update.win32_2.0.0.202105311346/tools/bin/../lib/gcc/arm-none-eabi/9.3.1/../../../../arm-none-eabi/lib/thumb/v7e-m+fp/hard\libc_nano.a(lib_a-nano-freer.o)
                0x0000000008002190                _free_r
 .text._malloc_r
                0x0000000008002230       0xb4 c:/st/stm32cubeide_1.8.0/stm32cubeide/plugins/com.st.stm32cube.ide.mcu.externaltools.gnu-tools-for-stm32.9-2020-q2-update.win32_2.0.0.202105311346/tools/bin/../lib/gcc/arm-none-eabi/9.3.1/../../../../arm-none-eabi/lib/thumb/v7e-m+fp/hard\libc_nano.a(lib_a-nano-mallocr.o)
                0x0000000008002230                _malloc_r
 .text._sbrk_r  0x00000000080022e4       0x20 c:/st/stm32cubeide_1.8.0/stm32cubeide/plugins/com.st.stm32cube.ide.mcu.externaltools.gnu-tools-for-stm32.9-2020-q2-update.win32_2.0.0.202105311346/tools/bin/../lib/gcc/arm-none-eabi/9.3.1/../../../../arm-none-eabi/lib/thumb/v7e-m+fp/hard\libc_nano.a(lib_a-sbrkr.o)
                0x00000000080022e4                _sbrk_r
 .text.__sread  0x0000000008002304       0x22 c:/st/stm32cubeide_1.8.0/stm32cubeide/plugins/com.st.stm32cube.ide.mcu.externaltools.gnu-tools-for-stm32.9-2020-q2-update.win32_2.0.0.202105311346/tools/bin/../lib/gcc/arm-none-eabi/9.3.1/../../../../arm-none-eabi/lib/thumb/v7e-m+fp/hard\libc_nano.a(lib_a-stdio.o)
                0x0000000008002304                __sread
 .text.__swrite
                0x0000000008002326       0x38 c:/st/stm32cubeide_1.8.0/stm32cubeide/plugins/com.st.stm32cube.ide.mcu.externaltools.gnu-tools-for-stm32.9-2020-q2-update.win32_2.0.0.202105311346/tools/bin/../lib/gcc/arm-none-eabi/9.3.1/../../../../arm-none-eabi/lib/thumb/v7e-m+fp/hard\libc_nano.a(lib_a-stdio.o)
                0x0000000008002326                __swrite
 .text.__sseek  0x000000000800235e       0x24 c:/st/stm32cubeide_1.8.0/stm32cubeide/plugins/com.st.stm32cube.ide.mcu.externaltools.gnu-tools-for-stm32.9-2020-q2-update.win32_2.0.0.202105311346/tools/bin/../lib/gcc/arm-none-eabi/9.3.1/../../../../arm-none-eabi/lib/thumb/v7e-m+fp/hard\libc_nano.a(lib_a-stdio.o)
                0x000000000800235e                __sseek
 .text.__sclose
                0x0000000008002382        0x8 c:/st/stm32cubeide_1.8.0/stm32cubeide/plugins/com.st.stm32cube.ide.mcu.externaltools.gnu-tools-for-stm32.9-2020-q2-update.win32_2.0.0.202105311346/tools/bin/../lib/gcc/arm-none-eabi/9.3.1/../../../../arm-none-eabi/lib/thumb/v7e-m+fp/hard\libc_nano.a(lib_a-stdio.o)
                0x0000000008002382                __sclose
 *fill*         0x000000000800238a        0x2 
 .text._write_r
                0x000000000800238c       0x24 c:/st/stm32cubeide_1.8.0/stm32cubeide/plugins/com.st.stm32cube.ide.mcu.externaltools.gnu-tools-for-stm32.9-2020-q2-update.win32_2.0.0.202105311346/tools/bin/../lib/gcc/arm-none-eabi/9.3.1/../../../../arm-none-eabi/lib/thumb/v7e-m+fp/hard\libc_nano.a(lib_a-writer.o)
                0x000000000800238c                _write_r
 .text._close_r
                0x00000000080023b0       0x20 c:/st/stm32cubeide_1.8.0/stm32cubeide/plugins/com.st.stm32cube.ide.mcu.externaltools.gnu-tools-for-stm32.9-2020-q2-update.win32_2.0.0.202105311346/tools/bin/../lib/gcc/arm-none-eabi/9.3.1/../../../../arm-none-eabi/lib/thumb/v7e-m+fp/hard\libc_nano.a(lib_a-closer.o)
                0x00000000080023b0                _close_r
 .text._fstat_r
                0x00000000080023d0       0x24 c:/st/stm32cubeide_1.8.0/stm32cubeide/plugins/com.st.stm32cube.ide.mcu.externaltools.gnu-tools-for-stm32.9-2020-q2-update.win32_2.0.0.202105311346/tools/bin/../lib/gcc/arm-none-eabi/9.3.1/../../../../arm-none-eabi/lib/thumb/v7e-m+fp/hard\libc_nano.a(lib_a-fstatr.o)
                0x00000000080023d0                _fstat_r
 .text._isatty_r
                0x00000000080023f4       0x20 c:/st/stm32cubeide_1.8.0/stm32cubeide/plugins/com.st.stm32cube.ide.mcu.externaltools.gnu-tools-for-stm32.9-2020-q2-update.win32_2.0.0.202105311346/tools/bin/../lib/gcc/arm-none-eabi/9.3.1/../../../../arm-none-eabi/lib/thumb/v7e-m+fp/hard\libc_nano.a(lib_a-isattyr.o)
                0x00000000080023f4                _isatty_r
 .text._lseek_r
                0x0000000008002414       0x24 c:/st/stm32cubeide_1.8.0/stm32cubeide/plugins/com.st.stm32cube.ide.mcu.externaltools.gnu-tools-for-stm32.9-2020-q2-update.win32_2.0.0.202105311346/tools/bin/../lib/gcc/arm-none-eabi/9.3.1/../../../../arm-none-eabi/lib/thumb/v7e-m+fp/hard\libc_nano.a(lib_a-lseekr.o)
                0x0000000008002414                _lseek_r
 .text.__malloc_lock
                0x0000000008002438        0xc c:/st/stm32cubeide_1.8.0/stm32cubeide/plugins/com.st.stm32cube.ide.mcu.externaltools.gnu-tools-for-stm32.9-2020-q2-update.win32_2.0.0.202105311346/tools/bin/../lib/gcc/arm-none-eabi/9.3.1/../../../../arm-none-eabi/lib/thumb/v7e-m+fp/hard\libc_nano.a(lib_a-mlock.o)
                0x0000000008002438                __malloc_lock
 .text.__malloc_unlock
                0x0000000008002444        0xc c:/st/stm32cubeide_1.8.0/stm32cubeide/plugins/com.st.stm32cube.ide.mcu.externaltools.gnu-tools-for-stm32.9-2020-q2-update.win32_2.0.0.202105311346/tools/bin/../lib/gcc/arm-none-eabi/9.3.1/../../../../arm-none-eabi/lib/thumb/v7e-m+fp/hard\libc_nano.a(lib_a-mlock.o)
                0x0000000008002444                __malloc_unlock
 .text._read_r  0x0000000008002450       0x24 c:/st/stm32cubeide_1.8.0/stm32cubeide/plugins/com.st.stm32cube.ide.mcu.externaltools.gnu-tools-for-stm32.9-2020-q2-update.win32_2.0.0.202105311346/tools/bin/../lib/gcc/arm-none-eabi/9.3.1/../../../../arm-none-eabi/lib/thumb/v7e-m+fp/hard\libc_nano.a(lib_a-readr.o)
                0x0000000008002450                _read_r
 *(.glue_7)
 .glue_7        0x0000000008002474        0x0 linker stubs
 *(.glue_7t)
 .glue_7t       0x0000000008002474        0x0 linker stubs
 *(.eh_frame)
 .eh_frame      0x0000000008002474        0x0 c:/st/stm32cubeide_1.8.0/stm32cubeide/plugins/com.st.stm32cube.ide.mcu.externaltools.gnu-tools-for-stm32.9-2020-q2-update.win32_2.0.0.202105311346/tools/bin/../lib/gcc/arm-none-eabi/9.3.1/thumb/v7e-m+fp/hard/crtbegin.o
 *(.init)
 .init          0x0000000008002474        0x4 c:/st/stm32cubeide_1.8.0/stm32cubeide/plugins/com.st.stm32cube.ide.mcu.externaltools.gnu-tools-for-stm32.9-2020-q2-update.win32_2.0.0.202105311346/tools/bin/../lib/gcc/arm-none-eabi/9.3.1/thumb/v7e-m+fp/hard/crti.o
                0x0000000008002474                _init
 .init          0x0000000008002478        0x8 c:/st/stm32cubeide_1.8.0/stm32cubeide/plugins/com.st.stm32cube.ide.mcu.externaltools.gnu-tools-for-stm32.9-2020-q2-update.win32_2.0.0.202105311346/tools/bin/../lib/gcc/arm-none-eabi/9.3.1/thumb/v7e-m+fp/hard/crtn.o
 *(.fini)
 .fini          0x0000000008002480        0x4 c:/st/stm32cubeide_1.8.0/stm32cubeide/plugins/com.st.stm32cube.ide.mcu.externaltools.gnu-tools-for-stm32.9-2020-q2-update.win32_2.0.0.202105311346/tools/bin/../lib/gcc/arm-none-eabi/9.3.1/thumb/v7e-m+fp/hard/crti.o
                0x0000000008002480                _fini
 .fini          0x0000000008002484        0x8 c:/st/stm32cubeide_1.8.0/stm32cubeide/plugins/com.st.stm32cube.ide.mcu.externaltools.gnu-tools-for-stm32.9-2020-q2-update.win32_2.0.0.202105311346/tools/bin/../lib/gcc/arm-none-eabi/9.3.1/thumb/v7e-m+fp/hard/crtn.o
                0x000000000800248c                . = ALIGN (0x4)
                0x000000000800248c                _etext = .

.vfp11_veneer   0x000000000800248c        0x0
 .vfp11_veneer  0x000000000800248c        0x0 linker stubs

.v4_bx          0x000000000800248c        0x0
 .v4_bx         0x000000000800248c        0x0 linker stubs

.iplt           0x000000000800248c        0x0
 .iplt          0x000000000800248c        0x0 c:/st/stm32cubeide_1.8.0/stm32cubeide/plugins/com.st.stm32cube.ide.mcu.externaltools.gnu-tools-for-stm32.9-2020-q2-update.win32_2.0.0.202105311346/tools/bin/../lib/gcc/arm-none-eabi/9.3.1/thumb/v7e-m+fp/hard/crtbegin.o

.rodata         0x000000000800248c       0xec
                0x000000000800248c                . = ALIGN (0x4)
 *(.rodata)
 .rodata        0x000000000800248c       0x87 ./Src/017rtc_lcd.o
 *(.rodata*)
 *fill*         0x0000000008002513        0x1 
 .rodata._global_impure_ptr
                0x0000000008002514        0x4 c:/st/stm32cubeide_1.8.0/stm32cubeide/plugins/com.st.stm32cube.ide.mcu.externaltools.gnu-tools-for-stm32.9-2020-q2-update.win32_2.0.0.202105311346/tools/bin/../lib/gcc/arm-none-eabi/9.3.1/../../../../arm-none-eabi/lib/thumb/v7e-m+fp/hard\libc_nano.a(lib_a-impure.o)
                0x0000000008002514                _global_impure_ptr
 .rodata.__sf_fake_stderr
                0x0000000008002518       0x20 c:/st/stm32cubeide_1.8.0/stm32cubeide/plugins/com.st.stm32cube.ide.mcu.externaltools.gnu-tools-for-stm32.9-2020-q2-update.win32_2.0.0.202105311346/tools/bin/../lib/gcc/arm-none-eabi/9.3.1/../../../../arm-none-eabi/lib/thumb/v7e-m+fp/hard\libc_nano.a(lib_a-findfp.o)
                0x0000000008002518                __sf_fake_stderr
 .rodata.__sf_fake_stdin
                0x0000000008002538       0x20 c:/st/stm32cubeide_1.8.0/stm32cubeide/plugins/com.st.stm32cube.ide.mcu.externaltools.gnu-tools-for-stm32.9-2020-q2-update.win32_2.0.0.202105311346/tools/bin/../lib/gcc/arm-none-eabi/9.3.1/../../../../arm-none-eabi/lib/thumb/v7e-m+fp/hard\libc_nano.a(lib_a-findfp.o)
                0x0000000008002538                __sf_fake_stdin
 .rodata.__sf_fake_stdout
                0x0000000008002558       0x20 c:/st/stm32cubeide_1.8.0/stm32cubeide/plugins/com.st.stm32cube.ide.mcu.externaltools.gnu-tools-for-stm32.9-2020-q2-update.win32_2.0.0.202105311346/tools/bin/../lib/gcc/arm-none-eabi/9.3.1/../../../../arm-none-eabi/lib/thumb/v7e-m+fp/hard\libc_nano.a(lib_a-findfp.o)
                0x0000000008002558                __sf_fake_stdout
                0x0000000008002578                . = ALIGN (0x4)

.rel.dyn        0x0000000008002578        0x0
 .rel.iplt      0x0000000008002578        0x0 c:/st/stm32cubeide_1.8.0/stm32cubeide/plugins/com.st.stm32cube.ide.mcu.externaltools.gnu-tools-for-stm32.9-2020-q2-update.win32_2.0.0.202105311346/tools/bin/../lib/gcc/arm-none-eabi/9.3.1/thumb/v7e-m+fp/hard/crtbegin.o

.ARM.extab      0x0000000008002578        0x0
                0x0000000008002578                . = ALIGN (0x4)
 *(.ARM.extab* .gnu.linkonce.armextab.*)
                0x0000000008002578                . = ALIGN (0x4)

.ARM            0x0000000008002578        0x0
                0x0000000008002578                . = ALIGN (0x4)
                0x0000000008002578                __exidx_start = .
 *(.ARM.exidx*)
                0x0000000008002578                __exidx_end = .
                0x0000000008002578                . = ALIGN (0x4)

.preinit_array  0x0000000008002578        0x0
                0x0000000008002578                . = ALIGN (0x4)
                0x0000000008002578                PROVIDE (__preinit_array_start = .)
 *(.preinit_array*)
                0x0000000008002578                PROVIDE (__preinit_array_end = .)
                0x0000000008002578                . = ALIGN (0x4)

.init_array     0x0000000008002578        0x4
                0x0000000008002578                . = ALIGN (0x4)
                0x0000000008002578                PROVIDE (__init_array_start = .)
 *(SORT_BY_NAME(.init_array.*))
 *(.init_array*)
 .init_array    0x0000000008002578        0x4 c:/st/stm32cubeide_1.8.0/stm32cubeide/plugins/com.st.stm32cube.ide.mcu.externaltools.gnu-tools-for-stm32.9-2020-q2-update.win32_2.0.0.202105311346/tools/bin/../lib/gcc/arm-none-eabi/9.3.1/thumb/v7e-m+fp/hard/crtbegin.o
                0x000000000800257c                PROVIDE (__init_array_end = .)
                0x000000000800257c                . = ALIGN (0x4)

.fini_array     0x000000000800257c        0x4
                0x000000000800257c                . = ALIGN (0x4)
                [!provide]                        PROVIDE (__fini_array_start = .)
 *(SORT_BY_NAME(.fini_array.*))
 *(.fini_array*)
 .fini_array    0x000000000800257c        0x4 c:/st/stm32cubeide_1.8.0/stm32cubeide/plugins/com.st.stm32cube.ide.mcu.externaltools.gnu-tools-for-stm32.9-2020-q2-update.win32_2.0.0.202105311346/tools/bin/../lib/gcc/arm-none-eabi/9.3.1/thumb/v7e-m+fp/hard/crtbegin.o
                [!provide]                        PROVIDE (__fini_array_end = .)
                0x0000000008002580                . = ALIGN (0x4)
                0x0000000008002580                _sidata = LOADADDR (.data)

.data           0x0000000020000000       0x78 load address 0x0000000008002580
                0x0000000020000000                . = ALIGN (0x4)
                0x0000000020000000                _sdata = .
 *(.data)
 *(.data*)
 .data.AHB_PreScaler
                0x0000000020000000       0x10 ./drivers/Src/stm32f407xx_rcc_driver.o
                0x0000000020000000                AHB_PreScaler
 .data.APB1_PreScaler
                0x0000000020000010        0x4 ./drivers/Src/stm32f407xx_rcc_driver.o
                0x0000000020000010                APB1_PreScaler
 .data._impure_ptr
                0x0000000020000014        0x4 c:/st/stm32cubeide_1.8.0/stm32cubeide/plugins/com.st.stm32cube.ide.mcu.externaltools.gnu-tools-for-stm32.9-2020-q2-update.win32_2.0.0.202105311346/tools/bin/../lib/gcc/arm-none-eabi/9.3.1/../../../../arm-none-eabi/lib/thumb/v7e-m+fp/hard\libc_nano.a(lib_a-impure.o)
                0x0000000020000014                _impure_ptr
 .data.impure_data
                0x0000000020000018       0x60 c:/st/stm32cubeide_1.8.0/stm32cubeide/plugins/com.st.stm32cube.ide.mcu.externaltools.gnu-tools-for-stm32.9-2020-q2-update.win32_2.0.0.202105311346/tools/bin/../lib/gcc/arm-none-eabi/9.3.1/../../../../arm-none-eabi/lib/thumb/v7e-m+fp/hard\libc_nano.a(lib_a-impure.o)
 *(.RamFunc)
 *(.RamFunc*)
                0x0000000020000078                . = ALIGN (0x4)
                0x0000000020000078                _edata = .
                0x00000000080025f8                _siccmram = LOADADDR (.ccmram)

.igot.plt       0x0000000020000078        0x0 load address 0x00000000080025f8
 .igot.plt      0x0000000020000078        0x0 c:/st/stm32cubeide_1.8.0/stm32cubeide/plugins/com.st.stm32cube.ide.mcu.externaltools.gnu-tools-for-stm32.9-2020-q2-update.win32_2.0.0.202105311346/tools/bin/../lib/gcc/arm-none-eabi/9.3.1/thumb/v7e-m+fp/hard/crtbegin.o

.ccmram         0x0000000010000000        0x0 load address 0x00000000080025f8
                0x0000000010000000                . = ALIGN (0x4)
                0x0000000010000000                _sccmram = .
 *(.ccmram)
 *(.ccmram*)
                0x0000000010000000                . = ALIGN (0x4)
                0x0000000010000000                _eccmram = .
                0x0000000010000000                . = ALIGN (0x4)

.bss            0x0000000020000078       0x78
                0x0000000020000078                _sbss = .
                0x0000000020000078                __bss_start__ = _sbss
 *(.bss)
 .bss           0x0000000020000078       0x1c c:/st/stm32cubeide_1.8.0/stm32cubeide/plugins/com.st.stm32cube.ide.mcu.externaltools.gnu-tools-for-stm32.9-2020-q2-update.win32_2.0.0.202105311346/tools/bin/../lib/gcc/arm-none-eabi/9.3.1/thumb/v7e-m+fp/hard/crtbegin.o
 *(.bss*)
 .bss.buf.7012  0x0000000020000094        0x9 ./Src/017rtc_lcd.o
 *fill*         0x000000002000009d        0x3 
 .bss.buf.7016  0x00000000200000a0        0x9 ./Src/017rtc_lcd.o
 *fill*         0x00000000200000a9        0x3 
 .bss.__sbrk_heap_end
                0x00000000200000ac        0x4 ./Src/sysmem.o
 .bss.__malloc_free_list
                0x00000000200000b0        0x4 c:/st/stm32cubeide_1.8.0/stm32cubeide/plugins/com.st.stm32cube.ide.mcu.externaltools.gnu-tools-for-stm32.9-2020-q2-update.win32_2.0.0.202105311346/tools/bin/../lib/gcc/arm-none-eabi/9.3.1/../../../../arm-none-eabi/lib/thumb/v7e-m+fp/hard\libc_nano.a(lib_a-nano-mallocr.o)
                0x00000000200000b0                __malloc_free_list
 .bss.__malloc_sbrk_start
                0x00000000200000b4        0x4 c:/st/stm32cubeide_1.8.0/stm32cubeide/plugins/com.st.stm32cube.ide.mcu.externaltools.gnu-tools-for-stm32.9-2020-q2-update.win32_2.0.0.202105311346/tools/bin/../lib/gcc/arm-none-eabi/9.3.1/../../../../arm-none-eabi/lib/thumb/v7e-m+fp/hard\libc_nano.a(lib_a-nano-mallocr.o)
                0x00000000200000b4                __malloc_sbrk_start
 *(COMMON)
 COMMON         0x00000000200000b8       0x28 ./BSP/ds1307.o
                0x00000000200000b8                g_ds1307I2cHandle
 COMMON         0x00000000200000e0        0x9 c:/st/stm32cubeide_1.8.0/stm32cubeide/plugins/com.st.stm32cube.ide.mcu.externaltools.gnu-tools-for-stm32.9-2020-q2-update.win32_2.0.0.202105311346/tools/bin/../lib/gcc/arm-none-eabi/9.3.1/../../../../arm-none-eabi/lib/thumb/v7e-m+fp/hard\libc_nano.a(lib_a-lock.o)
                0x00000000200000e0                __lock___atexit_recursive_mutex
                0x00000000200000e1                __lock___arc4random_mutex
                0x00000000200000e2                __lock___env_recursive_mutex
                0x00000000200000e3                __lock___sinit_recursive_mutex
                0x00000000200000e4                __lock___malloc_recursive_mutex
                0x00000000200000e5                __lock___at_quick_exit_mutex
                0x00000000200000e6                __lock___dd_hash_mutex
                0x00000000200000e7                __lock___tz_mutex
                0x00000000200000e8                __lock___sfp_recursive_mutex
 *fill*         0x00000000200000e9        0x3 
 COMMON         0x00000000200000ec        0x4 c:/st/stm32cubeide_1.8.0/stm32cubeide/plugins/com.st.stm32cube.ide.mcu.externaltools.gnu-tools-for-stm32.9-2020-q2-update.win32_2.0.0.202105311346/tools/bin/../lib/gcc/arm-none-eabi/9.3.1/../../../../arm-none-eabi/lib/thumb/v7e-m+fp/hard\libc_nano.a(lib_a-reent.o)
                0x00000000200000ec                errno
                0x00000000200000f0                . = ALIGN (0x4)
                0x00000000200000f0                _ebss = .
                0x00000000200000f0                __bss_end__ = _ebss

._user_heap_stack
                0x00000000200000f0      0x600
                0x00000000200000f0                . = ALIGN (0x8)
                [!provide]                        PROVIDE (end = .)
                0x00000000200000f0                PROVIDE (_end = .)
                0x00000000200002f0                . = (. + _Min_Heap_Size)
 *fill*         0x00000000200000f0      0x200 
                0x00000000200006f0                . = (. + _Min_Stack_Size)
 *fill*         0x00000000200002f0      0x400 
                0x00000000200006f0                . = ALIGN (0x8)

/DISCARD/
 libc.a(*)
 libm.a(*)
 libgcc.a(*)

.ARM.attributes
                0x0000000000000000       0x30
 *(.ARM.attributes)
 .ARM.attributes
                0x0000000000000000       0x1e c:/st/stm32cubeide_1.8.0/stm32cubeide/plugins/com.st.stm32cube.ide.mcu.externaltools.gnu-tools-for-stm32.9-2020-q2-update.win32_2.0.0.202105311346/tools/bin/../lib/gcc/arm-none-eabi/9.3.1/thumb/v7e-m+fp/hard/crti.o
 .ARM.attributes
                0x000000000000001e       0x34 c:/st/stm32cubeide_1.8.0/stm32cubeide/plugins/com.st.stm32cube.ide.mcu.externaltools.gnu-tools-for-stm32.9-2020-q2-update.win32_2.0.0.202105311346/tools/bin/../lib/gcc/arm-none-eabi/9.3.1/thumb/v7e-m+fp/hard/crtbegin.o
 .ARM.attributes
                0x0000000000000052       0x34 ./BSP/ds1307.o
 .ARM.attributes
                0x0000000000000086       0x34 ./BSP/lcd.o
 .ARM.attributes
                0x00000000000000ba       0x34 ./Src/017rtc_lcd.o
 .ARM.attributes
                0x00000000000000ee       0x34 ./Src/syscalls.o
 .ARM.attributes
                0x0000000000000122       0x34 ./Src/sysmem.o
 .ARM.attributes
                0x0000000000000156       0x21 ./Startup/startup_stm32f407vgtx.o
 .ARM.attributes
                0x0000000000000177       0x34 ./drivers/Src/stm32f407xx_gpio_driver.o
 .ARM.attributes
                0x00000000000001ab       0x34 ./drivers/Src/stm32f407xx_i2c_driver.o
 .ARM.attributes
                0x00000000000001df       0x34 ./drivers/Src/stm32f407xx_rcc_driver.o
 .ARM.attributes
                0x0000000000000213       0x34 c:/st/stm32cubeide_1.8.0/stm32cubeide/plugins/com.st.stm32cube.ide.mcu.externaltools.gnu-tools-for-stm32.9-2020-q2-update.win32_2.0.0.202105311346/tools/bin/../lib/gcc/arm-none-eabi/9.3.1/../../../../arm-none-eabi/lib/thumb/v7e-m+fp/hard\libc_nano.a(lib_a-errno.o)
 .ARM.attributes
                0x0000000000000247       0x32 c:/st/stm32cubeide_1.8.0/stm32cubeide/plugins/com.st.stm32cube.ide.mcu.externaltools.gnu-tools-for-stm32.9-2020-q2-update.win32_2.0.0.202105311346/tools/bin/../lib/gcc/arm-none-eabi/9.3.1/../../../../arm-none-eabi/lib/thumb/v7e-m+fp/hard\libc_nano.a(lib_a-impure.o)
 .ARM.attributes
                0x0000000000000279       0x34 c:/st/stm32cubeide_1.8.0/stm32cubeide/plugins/com.st.stm32cube.ide.mcu.externaltools.gnu-tools-for-stm32.9-2020-q2-update.win32_2.0.0.202105311346/tools/bin/../lib/gcc/arm-none-eabi/9.3.1/../../../../arm-none-eabi/lib/thumb/v7e-m+fp/hard\libc_nano.a(lib_a-init.o)
 .ARM.attributes
                0x00000000000002ad       0x34 c:/st/stm32cubeide_1.8.0/stm32cubeide/plugins/com.st.stm32cube.ide.mcu.externaltools.gnu-tools-for-stm32.9-2020-q2-update.win32_2.0.0.202105311346/tools/bin/../lib/gcc/arm-none-eabi/9.3.1/../../../../arm-none-eabi/lib/thumb/v7e-m+fp/hard\libc_nano.a(lib_a-memset.o)
 .ARM.attributes
                0x00000000000002e1       0x34 c:/st/stm32cubeide_1.8.0/stm32cubeide/plugins/com.st.stm32cube.ide.mcu.externaltools.gnu-tools-for-stm32.9-2020-q2-update.win32_2.0.0.202105311346/tools/bin/../lib/gcc/arm-none-eabi/9.3.1/../../../../arm-none-eabi/lib/thumb/v7e-m+fp/hard\libc_nano.a(lib_a-puts.o)
 .ARM.attributes
                0x0000000000000315       0x34 c:/st/stm32cubeide_1.8.0/stm32cubeide/plugins/com.st.stm32cube.ide.mcu.externaltools.gnu-tools-for-stm32.9-2020-q2-update.win32_2.0.0.202105311346/tools/bin/../lib/gcc/arm-none-eabi/9.3.1/../../../../arm-none-eabi/lib/thumb/v7e-m+fp/hard\libc_nano.a(lib_a-wbuf.o)
 .ARM.attributes
                0x0000000000000349       0x34 c:/st/stm32cubeide_1.8.0/stm32cubeide/plugins/com.st.stm32cube.ide.mcu.externaltools.gnu-tools-for-stm32.9-2020-q2-update.win32_2.0.0.202105311346/tools/bin/../lib/gcc/arm-none-eabi/9.3.1/../../../../arm-none-eabi/lib/thumb/v7e-m+fp/hard\libc_nano.a(lib_a-wsetup.o)
 .ARM.attributes
                0x000000000000037d       0x34 c:/st/stm32cubeide_1.8.0/stm32cubeide/plugins/com.st.stm32cube.ide.mcu.externaltools.gnu-tools-for-stm32.9-2020-q2-update.win32_2.0.0.202105311346/tools/bin/../lib/gcc/arm-none-eabi/9.3.1/../../../../arm-none-eabi/lib/thumb/v7e-m+fp/hard\libc_nano.a(lib_a-fflush.o)
 .ARM.attributes
                0x00000000000003b1       0x34 c:/st/stm32cubeide_1.8.0/stm32cubeide/plugins/com.st.stm32cube.ide.mcu.externaltools.gnu-tools-for-stm32.9-2020-q2-update.win32_2.0.0.202105311346/tools/bin/../lib/gcc/arm-none-eabi/9.3.1/../../../../arm-none-eabi/lib/thumb/v7e-m+fp/hard\libc_nano.a(lib_a-findfp.o)
 .ARM.attributes
                0x00000000000003e5       0x34 c:/st/stm32cubeide_1.8.0/stm32cubeide/plugins/com.st.stm32cube.ide.mcu.externaltools.gnu-tools-for-stm32.9-2020-q2-update.win32_2.0.0.202105311346/tools/bin/../lib/gcc/arm-none-eabi/9.3.1/../../../../arm-none-eabi/lib/thumb/v7e-m+fp/hard\libc_nano.a(lib_a-fwalk.o)
 .ARM.attributes
                0x0000000000000419       0x34 c:/st/stm32cubeide_1.8.0/stm32cubeide/plugins/com.st.stm32cube.ide.mcu.externaltools.gnu-tools-for-stm32.9-2020-q2-update.win32_2.0.0.202105311346/tools/bin/../lib/gcc/arm-none-eabi/9.3.1/../../../../arm-none-eabi/lib/thumb/v7e-m+fp/hard\libc_nano.a(lib_a-lock.o)
 .ARM.attributes
                0x000000000000044d       0x34 c:/st/stm32cubeide_1.8.0/stm32cubeide/plugins/com.st.stm32cube.ide.mcu.externaltools.gnu-tools-for-stm32.9-2020-q2-update.win32_2.0.0.202105311346/tools/bin/../lib/gcc/arm-none-eabi/9.3.1/../../../../arm-none-eabi/lib/thumb/v7e-m+fp/hard\libc_nano.a(lib_a-makebuf.o)
 .ARM.attributes
                0x0000000000000481       0x34 c:/st/stm32cubeide_1.8.0/stm32cubeide/plugins/com.st.stm32cube.ide.mcu.externaltools.gnu-tools-for-stm32.9-2020-q2-update.win32_2.0.0.202105311346/tools/bin/../lib/gcc/arm-none-eabi/9.3.1/../../../../arm-none-eabi/lib/thumb/v7e-m+fp/hard\libc_nano.a(lib_a-nano-freer.o)
 .ARM.attributes
                0x00000000000004b5       0x34 c:/st/stm32cubeide_1.8.0/stm32cubeide/plugins/com.st.stm32cube.ide.mcu.externaltools.gnu-tools-for-stm32.9-2020-q2-update.win32_2.0.0.202105311346/tools/bin/../lib/gcc/arm-none-eabi/9.3.1/../../../../arm-none-eabi/lib/thumb/v7e-m+fp/hard\libc_nano.a(lib_a-nano-mallocr.o)
 .ARM.attributes
                0x00000000000004e9       0x34 c:/st/stm32cubeide_1.8.0/stm32cubeide/plugins/com.st.stm32cube.ide.mcu.externaltools.gnu-tools-for-stm32.9-2020-q2-update.win32_2.0.0.202105311346/tools/bin/../lib/gcc/arm-none-eabi/9.3.1/../../../../arm-none-eabi/lib/thumb/v7e-m+fp/hard\libc_nano.a(lib_a-sbrkr.o)
 .ARM.attributes
                0x000000000000051d       0x34 c:/st/stm32cubeide_1.8.0/stm32cubeide/plugins/com.st.stm32cube.ide.mcu.externaltools.gnu-tools-for-stm32.9-2020-q2-update.win32_2.0.0.202105311346/tools/bin/../lib/gcc/arm-none-eabi/9.3.1/../../../../arm-none-eabi/lib/thumb/v7e-m+fp/hard\libc_nano.a(lib_a-stdio.o)
 .ARM.attributes
                0x0000000000000551       0x34 c:/st/stm32cubeide_1.8.0/stm32cubeide/plugins/com.st.stm32cube.ide.mcu.externaltools.gnu-tools-for-stm32.9-2020-q2-update.win32_2.0.0.202105311346/tools/bin/../lib/gcc/arm-none-eabi/9.3.1/../../../../arm-none-eabi/lib/thumb/v7e-m+fp/hard\libc_nano.a(lib_a-writer.o)
 .ARM.attributes
                0x0000000000000585       0x34 c:/st/stm32cubeide_1.8.0/stm32cubeide/plugins/com.st.stm32cube.ide.mcu.externaltools.gnu-tools-for-stm32.9-2020-q2-update.win32_2.0.0.202105311346/tools/bin/../lib/gcc/arm-none-eabi/9.3.1/../../../../arm-none-eabi/lib/thumb/v7e-m+fp/hard\libc_nano.a(lib_a-closer.o)
 .ARM.attributes
                0x00000000000005b9       0x34 c:/st/stm32cubeide_1.8.0/stm32cubeide/plugins/com.st.stm32cube.ide.mcu.externaltools.gnu-tools-for-stm32.9-2020-q2-update.win32_2.0.0.202105311346/tools/bin/../lib/gcc/arm-none-eabi/9.3.1/../../../../arm-none-eabi/lib/thumb/v7e-m+fp/hard\libc_nano.a(lib_a-fstatr.o)
 .ARM.attributes
                0x00000000000005ed       0x34 c:/st/stm32cubeide_1.8.0/stm32cubeide/plugins/com.st.stm32cube.ide.mcu.externaltools.gnu-tools-for-stm32.9-2020-q2-update.win32_2.0.0.202105311346/tools/bin/../lib/gcc/arm-none-eabi/9.3.1/../../../../arm-none-eabi/lib/thumb/v7e-m+fp/hard\libc_nano.a(lib_a-isattyr.o)
 .ARM.attributes
                0x0000000000000621       0x34 c:/st/stm32cubeide_1.8.0/stm32cubeide/plugins/com.st.stm32cube.ide.mcu.externaltools.gnu-tools-for-stm32.9-2020-q2-update.win32_2.0.0.202105311346/tools/bin/../lib/gcc/arm-none-eabi/9.3.1/../../../../arm-none-eabi/lib/thumb/v7e-m+fp/hard\libc_nano.a(lib_a-lseekr.o)
 .ARM.attributes
                0x0000000000000655       0x34 c:/st/stm32cubeide_1.8.0/stm32cubeide/plugins/com.st.stm32cube.ide.mcu.externaltools.gnu-tools-for-stm32.9-2020-q2-update.win32_2.0.0.202105311346/tools/bin/../lib/gcc/arm-none-eabi/9.3.1/../../../../arm-none-eabi/lib/thumb/v7e-m+fp/hard\libc_nano.a(lib_a-mlock.o)
 .ARM.attributes
                0x0000000000000689       0x34 c:/st/stm32cubeide_1.8.0/stm32cubeide/plugins/com.st.stm32cube.ide.mcu.externaltools.gnu-tools-for-stm32.9-2020-q2-update.win32_2.0.0.202105311346/tools/bin/../lib/gcc/arm-none-eabi/9.3.1/../../../../arm-none-eabi/lib/thumb/v7e-m+fp/hard\libc_nano.a(lib_a-readr.o)
 .ARM.attributes
                0x00000000000006bd       0x34 c:/st/stm32cubeide_1.8.0/stm32cubeide/plugins/com.st.stm32cube.ide.mcu.externaltools.gnu-tools-for-stm32.9-2020-q2-update.win32_2.0.0.202105311346/tools/bin/../lib/gcc/arm-none-eabi/9.3.1/../../../../arm-none-eabi/lib/thumb/v7e-m+fp/hard\libc_nano.a(lib_a-reent.o)
 .ARM.attributes
                0x00000000000006f1       0x1e c:/st/stm32cubeide_1.8.0/stm32cubeide/plugins/com.st.stm32cube.ide.mcu.externaltools.gnu-tools-for-stm32.9-2020-q2-update.win32_2.0.0.202105311346/tools/bin/../lib/gcc/arm-none-eabi/9.3.1/thumb/v7e-m+fp/hard/crtn.o
OUTPUT(stm32f4xx_drivers.elf elf32-littlearm)
LOAD linker stubs
LOAD c:/st/stm32cubeide_1.8.0/stm32cubeide/plugins/com.st.stm32cube.ide.mcu.externaltools.gnu-tools-for-stm32.9-2020-q2-update.win32_2.0.0.202105311346/tools/bin/../lib/gcc/arm-none-eabi/9.3.1/../../../../arm-none-eabi/lib/thumb/v7e-m+fp/hard\libc.a
LOAD c:/st/stm32cubeide_1.8.0/stm32cubeide/plugins/com.st.stm32cube.ide.mcu.externaltools.gnu-tools-for-stm32.9-2020-q2-update.win32_2.0.0.202105311346/tools/bin/../lib/gcc/arm-none-eabi/9.3.1/../../../../arm-none-eabi/lib/thumb/v7e-m+fp/hard\libm.a
LOAD c:/st/stm32cubeide_1.8.0/stm32cubeide/plugins/com.st.stm32cube.ide.mcu.externaltools.gnu-tools-for-stm32.9-2020-q2-update.win32_2.0.0.202105311346/tools/bin/../lib/gcc/arm-none-eabi/9.3.1/thumb/v7e-m+fp/hard\libgcc.a

.debug_info     0x0000000000000000     0x4fbf
 .debug_info    0x0000000000000000      0xf2e ./BSP/ds1307.o
 .debug_info    0x0000000000000f2e      0x392 ./BSP/lcd.o
 .debug_info    0x00000000000012c0      0xc0f ./Src/017rtc_lcd.o
 .debug_info    0x0000000000001ecf      0xff9 ./Src/syscalls.o
 .debug_info    0x0000000000002ec8      0xa25 ./Src/sysmem.o
 .debug_info    0x00000000000038ed       0x22 ./Startup/startup_stm32f407vgtx.o
 .debug_info    0x000000000000390f      0x7fa ./drivers/Src/stm32f407xx_gpio_driver.o
 .debug_info    0x0000000000004109      0xac9 ./drivers/Src/stm32f407xx_i2c_driver.o
 .debug_info    0x0000000000004bd2      0x3ed ./drivers/Src/stm32f407xx_rcc_driver.o

.debug_abbrev   0x0000000000000000      0xfbd
 .debug_abbrev  0x0000000000000000      0x265 ./BSP/ds1307.o
 .debug_abbrev  0x0000000000000265      0x178 ./BSP/lcd.o
 .debug_abbrev  0x00000000000003dd      0x242 ./Src/017rtc_lcd.o
 .debug_abbrev  0x000000000000061f      0x2b1 ./Src/syscalls.o
 .debug_abbrev  0x00000000000008d0      0x1bf ./Src/sysmem.o
 .debug_abbrev  0x0000000000000a8f       0x12 ./Startup/startup_stm32f407vgtx.o
 .debug_abbrev  0x0000000000000aa1      0x1b3 ./drivers/Src/stm32f407xx_gpio_driver.o
 .debug_abbrev  0x0000000000000c54      0x258 ./drivers/Src/stm32f407xx_i2c_driver.o
 .debug_abbrev  0x0000000000000eac      0x111 ./drivers/Src/stm32f407xx_rcc_driver.o

.debug_aranges  0x0000000000000000      0x3b8
 .debug_aranges
                0x0000000000000000       0x70 ./BSP/ds1307.o
 .debug_aranges
                0x0000000000000070       0x70 ./BSP/lcd.o
 .debug_aranges
                0x00000000000000e0       0x58 ./Src/017rtc_lcd.o
 .debug_aranges
                0x0000000000000138       0xb0 ./Src/syscalls.o
 .debug_aranges
                0x00000000000001e8       0x20 ./Src/sysmem.o
 .debug_aranges
                0x0000000000000208       0x28 ./Startup/startup_stm32f407vgtx.o
 .debug_aranges
                0x0000000000000230       0x70 ./drivers/Src/stm32f407xx_gpio_driver.o
 .debug_aranges
                0x00000000000002a0       0xe8 ./drivers/Src/stm32f407xx_i2c_driver.o
 .debug_aranges
                0x0000000000000388       0x30 ./drivers/Src/stm32f407xx_rcc_driver.o

.debug_ranges   0x0000000000000000      0x330
 .debug_ranges  0x0000000000000000       0x60 ./BSP/ds1307.o
 .debug_ranges  0x0000000000000060       0x60 ./BSP/lcd.o
 .debug_ranges  0x00000000000000c0       0x48 ./Src/017rtc_lcd.o
 .debug_ranges  0x0000000000000108       0xa0 ./Src/syscalls.o
 .debug_ranges  0x00000000000001a8       0x10 ./Src/sysmem.o
 .debug_ranges  0x00000000000001b8       0x20 ./Startup/startup_stm32f407vgtx.o
 .debug_ranges  0x00000000000001d8       0x60 ./drivers/Src/stm32f407xx_gpio_driver.o
 .debug_ranges  0x0000000000000238       0xd8 ./drivers/Src/stm32f407xx_i2c_driver.o
 .debug_ranges  0x0000000000000310       0x20 ./drivers/Src/stm32f407xx_rcc_driver.o

.debug_macro    0x0000000000000000     0x4004
 .debug_macro   0x0000000000000000      0x195 ./BSP/ds1307.o
 .debug_macro   0x0000000000000195      0xab4 ./BSP/ds1307.o
 .debug_macro   0x0000000000000c49       0x22 ./BSP/ds1307.o
 .debug_macro   0x0000000000000c6b       0x8e ./BSP/ds1307.o
 .debug_macro   0x0000000000000cf9       0x51 ./BSP/ds1307.o
 .debug_macro   0x0000000000000d4a      0x103 ./BSP/ds1307.o
 .debug_macro   0x0000000000000e4d       0x6a ./BSP/ds1307.o
 .debug_macro   0x0000000000000eb7      0x1df ./BSP/ds1307.o
 .debug_macro   0x0000000000001096       0x52 ./BSP/ds1307.o
 .debug_macro   0x00000000000010e8       0x18 ./BSP/ds1307.o
 .debug_macro   0x0000000000001100       0x3c ./BSP/ds1307.o
 .debug_macro   0x000000000000113c       0x34 ./BSP/ds1307.o
 .debug_macro   0x0000000000001170      0x174 ./BSP/ds1307.o
 .debug_macro   0x00000000000012e4       0x16 ./BSP/ds1307.o
 .debug_macro   0x00000000000012fa       0x43 ./BSP/ds1307.o
 .debug_macro   0x000000000000133d       0x34 ./BSP/ds1307.o
 .debug_macro   0x0000000000001371       0x10 ./BSP/ds1307.o
 .debug_macro   0x0000000000001381       0x58 ./BSP/ds1307.o
 .debug_macro   0x00000000000013d9       0x71 ./BSP/ds1307.o
 .debug_macro   0x000000000000144a       0x1c ./BSP/ds1307.o
 .debug_macro   0x0000000000001466      0x12a ./BSP/ds1307.o
 .debug_macro   0x0000000000001590      0x339 ./BSP/ds1307.o
 .debug_macro   0x00000000000018c9       0x10 ./BSP/ds1307.o
 .debug_macro   0x00000000000018d9       0x35 ./BSP/ds1307.o
 .debug_macro   0x000000000000190e       0x20 ./BSP/ds1307.o
 .debug_macro   0x000000000000192e      0x841 ./BSP/ds1307.o
 .debug_macro   0x000000000000216f       0xc4 ./BSP/ds1307.o
 .debug_macro   0x0000000000002233       0xee ./BSP/ds1307.o
 .debug_macro   0x0000000000002321       0xd6 ./BSP/ds1307.o
 .debug_macro   0x00000000000023f7      0x109 ./BSP/ds1307.o
 .debug_macro   0x0000000000002500       0x94 ./BSP/ds1307.o
 .debug_macro   0x0000000000002594       0xc7 ./BSP/lcd.o
 .debug_macro   0x000000000000265b       0x52 ./BSP/lcd.o
 .debug_macro   0x00000000000026ad      0x235 ./Src/017rtc_lcd.o
 .debug_macro   0x00000000000028e2       0x4c ./Src/017rtc_lcd.o
 .debug_macro   0x000000000000292e       0x94 ./Src/017rtc_lcd.o
 .debug_macro   0x00000000000029c2       0x16 ./Src/017rtc_lcd.o
 .debug_macro   0x00000000000029d8       0x57 ./Src/017rtc_lcd.o
 .debug_macro   0x0000000000002a2f       0x97 ./Src/017rtc_lcd.o
 .debug_macro   0x0000000000002ac6       0xfd ./Src/017rtc_lcd.o
 .debug_macro   0x0000000000002bc3       0x10 ./Src/017rtc_lcd.o
 .debug_macro   0x0000000000002bd3       0x10 ./Src/017rtc_lcd.o
 .debug_macro   0x0000000000002be3       0x1c ./Src/017rtc_lcd.o
 .debug_macro   0x0000000000002bff       0x52 ./Src/017rtc_lcd.o
 .debug_macro   0x0000000000002c51       0x22 ./Src/017rtc_lcd.o
 .debug_macro   0x0000000000002c73       0x10 ./Src/017rtc_lcd.o
 .debug_macro   0x0000000000002c83       0x40 ./Src/017rtc_lcd.o
 .debug_macro   0x0000000000002cc3       0xd5 ./Src/017rtc_lcd.o
 .debug_macro   0x0000000000002d98       0x1c ./Src/017rtc_lcd.o
 .debug_macro   0x0000000000002db4       0x3d ./Src/017rtc_lcd.o
 .debug_macro   0x0000000000002df1       0x16 ./Src/017rtc_lcd.o
 .debug_macro   0x0000000000002e07      0x145 ./Src/017rtc_lcd.o
 .debug_macro   0x0000000000002f4c       0x58 ./Src/017rtc_lcd.o
 .debug_macro   0x0000000000002fa4      0x25e ./Src/syscalls.o
 .debug_macro   0x0000000000003202       0x10 ./Src/syscalls.o
 .debug_macro   0x0000000000003212       0x10 ./Src/syscalls.o
 .debug_macro   0x0000000000003222       0x10 ./Src/syscalls.o
 .debug_macro   0x0000000000003232       0x35 ./Src/syscalls.o
 .debug_macro   0x0000000000003267      0x12c ./Src/syscalls.o
 .debug_macro   0x0000000000003393       0x16 ./Src/syscalls.o
 .debug_macro   0x00000000000033a9       0x16 ./Src/syscalls.o
 .debug_macro   0x00000000000033bf       0x29 ./Src/syscalls.o
 .debug_macro   0x00000000000033e8       0x10 ./Src/syscalls.o
 .debug_macro   0x00000000000033f8      0x241 ./Src/syscalls.o
 .debug_macro   0x0000000000003639       0x1c ./Src/syscalls.o
 .debug_macro   0x0000000000003655       0x10 ./Src/syscalls.o
 .debug_macro   0x0000000000003665      0x189 ./Src/syscalls.o
 .debug_macro   0x00000000000037ee       0x16 ./Src/syscalls.o
 .debug_macro   0x0000000000003804       0xce ./Src/syscalls.o
 .debug_macro   0x00000000000038d2       0xff ./Src/sysmem.o
 .debug_macro   0x00000000000039d1      0x23b ./Src/sysmem.o
 .debug_macro   0x0000000000003c0c       0xc2 ./drivers/Src/stm32f407xx_gpio_driver.o
 .debug_macro   0x0000000000003cce       0xe8 ./drivers/Src/stm32f407xx_gpio_driver.o
 .debug_macro   0x0000000000003db6       0xc2 ./drivers/Src/stm32f407xx_i2c_driver.o
 .debug_macro   0x0000000000003e78       0xd0 ./drivers/Src/stm32f407xx_i2c_driver.o
 .debug_macro   0x0000000000003f48       0xbc ./drivers/Src/stm32f407xx_rcc_driver.o

.debug_line     0x0000000000000000     0x414a
 .debug_line    0x0000000000000000      0x7ba ./BSP/ds1307.o
 .debug_line    0x00000000000007ba      0x638 ./BSP/lcd.o
 .debug_line    0x0000000000000df2      0x887 ./Src/017rtc_lcd.o
 .debug_line    0x0000000000001679      0x833 ./Src/syscalls.o
 .debug_line    0x0000000000001eac      0x4f3 ./Src/sysmem.o
 .debug_line    0x000000000000239f       0x84 ./Startup/startup_stm32f407vgtx.o
 .debug_line    0x0000000000002423      0xa82 ./drivers/Src/stm32f407xx_gpio_driver.o
 .debug_line    0x0000000000002ea5      0xd2c ./drivers/Src/stm32f407xx_i2c_driver.o
 .debug_line    0x0000000000003bd1      0x579 ./drivers/Src/stm32f407xx_rcc_driver.o

.debug_str      0x0000000000000000     0xd76c
 .debug_str     0x0000000000000000     0xa676 ./BSP/ds1307.o
                                       0xa92e (size before relaxing)
 .debug_str     0x000000000000a676      0x20a ./BSP/lcd.o
                                       0x74d4 (size before relaxing)
 .debug_str     0x000000000000a880      0xfff ./Src/017rtc_lcd.o
                                       0xb778 (size before relaxing)
 .debug_str     0x000000000000b87f     0x17ec ./Src/syscalls.o
                                       0x8fbb (size before relaxing)
 .debug_str     0x000000000000d06b       0x66 ./Src/sysmem.o
                                       0x62c9 (size before relaxing)
 .debug_str     0x000000000000d0d1       0x31 ./Startup/startup_stm32f407vgtx.o
                                         0x84 (size before relaxing)
 .debug_str     0x000000000000d102      0x2e7 ./drivers/Src/stm32f407xx_gpio_driver.o
                                       0x75ca (size before relaxing)
 .debug_str     0x000000000000d3e9      0x2c2 ./drivers/Src/stm32f407xx_i2c_driver.o
                                       0x7717 (size before relaxing)
 .debug_str     0x000000000000d6ab       0xc1 ./drivers/Src/stm32f407xx_rcc_driver.o
                                       0x740a (size before relaxing)

.comment        0x0000000000000000       0x53
 .comment       0x0000000000000000       0x53 ./BSP/ds1307.o
                                         0x54 (size before relaxing)
 .comment       0x0000000000000053       0x54 ./BSP/lcd.o
 .comment       0x0000000000000053       0x54 ./Src/017rtc_lcd.o
 .comment       0x0000000000000053       0x54 ./Src/syscalls.o
 .comment       0x0000000000000053       0x54 ./Src/sysmem.o
 .comment       0x0000000000000053       0x54 ./drivers/Src/stm32f407xx_gpio_driver.o
 .comment       0x0000000000000053       0x54 ./drivers/Src/stm32f407xx_i2c_driver.o
 .comment       0x0000000000000053       0x54 ./drivers/Src/stm32f407xx_rcc_driver.o

.debug_frame    0x0000000000000000     0x1474
 .debug_frame   0x0000000000000000      0x19c ./BSP/ds1307.o
 .debug_frame   0x000000000000019c      0x18c ./BSP/lcd.o
 .debug_frame   0x0000000000000328      0x140 ./Src/017rtc_lcd.o
 .debug_frame   0x0000000000000468      0x2d4 ./Src/syscalls.o
 .debug_frame   0x000000000000073c       0x34 ./Src/sysmem.o
 .debug_frame   0x0000000000000770      0x1c8 ./drivers/Src/stm32f407xx_gpio_driver.o
 .debug_frame   0x0000000000000938      0x3f8 ./drivers/Src/stm32f407xx_i2c_driver.o
 .debug_frame   0x0000000000000d30       0x7c ./drivers/Src/stm32f407xx_rcc_driver.o
 .debug_frame   0x0000000000000dac       0x20 c:/st/stm32cubeide_1.8.0/stm32cubeide/plugins/com.st.stm32cube.ide.mcu.externaltools.gnu-tools-for-stm32.9-2020-q2-update.win32_2.0.0.202105311346/tools/bin/../lib/gcc/arm-none-eabi/9.3.1/../../../../arm-none-eabi/lib/thumb/v7e-m+fp/hard\libc_nano.a(lib_a-errno.o)
 .debug_frame   0x0000000000000dcc       0x2c c:/st/stm32cubeide_1.8.0/stm32cubeide/plugins/com.st.stm32cube.ide.mcu.externaltools.gnu-tools-for-stm32.9-2020-q2-update.win32_2.0.0.202105311346/tools/bin/../lib/gcc/arm-none-eabi/9.3.1/../../../../arm-none-eabi/lib/thumb/v7e-m+fp/hard\libc_nano.a(lib_a-init.o)
 .debug_frame   0x0000000000000df8       0x20 c:/st/stm32cubeide_1.8.0/stm32cubeide/plugins/com.st.stm32cube.ide.mcu.externaltools.gnu-tools-for-stm32.9-2020-q2-update.win32_2.0.0.202105311346/tools/bin/../lib/gcc/arm-none-eabi/9.3.1/../../../../arm-none-eabi/lib/thumb/v7e-m+fp/hard\libc_nano.a(lib_a-memset.o)
 .debug_frame   0x0000000000000e18       0x3c c:/st/stm32cubeide_1.8.0/stm32cubeide/plugins/com.st.stm32cube.ide.mcu.externaltools.gnu-tools-for-stm32.9-2020-q2-update.win32_2.0.0.202105311346/tools/bin/../lib/gcc/arm-none-eabi/9.3.1/../../../../arm-none-eabi/lib/thumb/v7e-m+fp/hard\libc_nano.a(lib_a-puts.o)
 .debug_frame   0x0000000000000e54       0x40 c:/st/stm32cubeide_1.8.0/stm32cubeide/plugins/com.st.stm32cube.ide.mcu.externaltools.gnu-tools-for-stm32.9-2020-q2-update.win32_2.0.0.202105311346/tools/bin/../lib/gcc/arm-none-eabi/9.3.1/../../../../arm-none-eabi/lib/thumb/v7e-m+fp/hard\libc_nano.a(lib_a-wbuf.o)
 .debug_frame   0x0000000000000e94       0x2c c:/st/stm32cubeide_1.8.0/stm32cubeide/plugins/com.st.stm32cube.ide.mcu.externaltools.gnu-tools-for-stm32.9-2020-q2-update.win32_2.0.0.202105311346/tools/bin/../lib/gcc/arm-none-eabi/9.3.1/../../../../arm-none-eabi/lib/thumb/v7e-m+fp/hard\libc_nano.a(lib_a-wsetup.o)
 .debug_frame   0x0000000000000ec0       0x5c c:/st/stm32cubeide_1.8.0/stm32cubeide/plugins/com.st.stm32cube.ide.mcu.externaltools.gnu-tools-for-stm32.9-2020-q2-update.win32_2.0.0.202105311346/tools/bin/../lib/gcc/arm-none-eabi/9.3.1/../../../../arm-none-eabi/lib/thumb/v7e-m+fp/hard\libc_nano.a(lib_a-fflush.o)
 .debug_frame   0x0000000000000f1c      0x14c c:/st/stm32cubeide_1.8.0/stm32cubeide/plugins/com.st.stm32cube.ide.mcu.externaltools.gnu-tools-for-stm32.9-2020-q2-update.win32_2.0.0.202105311346/tools/bin/../lib/gcc/arm-none-eabi/9.3.1/../../../../arm-none-eabi/lib/thumb/v7e-m+fp/hard\libc_nano.a(lib_a-findfp.o)
 .debug_frame   0x0000000000001068       0x54 c:/st/stm32cubeide_1.8.0/stm32cubeide/plugins/com.st.stm32cube.ide.mcu.externaltools.gnu-tools-for-stm32.9-2020-q2-update.win32_2.0.0.202105311346/tools/bin/../lib/gcc/arm-none-eabi/9.3.1/../../../../arm-none-eabi/lib/thumb/v7e-m+fp/hard\libc_nano.a(lib_a-fwalk.o)
 .debug_frame   0x00000000000010bc       0xb0 c:/st/stm32cubeide_1.8.0/stm32cubeide/plugins/com.st.stm32cube.ide.mcu.externaltools.gnu-tools-for-stm32.9-2020-q2-update.win32_2.0.0.202105311346/tools/bin/../lib/gcc/arm-none-eabi/9.3.1/../../../../arm-none-eabi/lib/thumb/v7e-m+fp/hard\libc_nano.a(lib_a-lock.o)
 .debug_frame   0x000000000000116c       0x58 c:/st/stm32cubeide_1.8.0/stm32cubeide/plugins/com.st.stm32cube.ide.mcu.externaltools.gnu-tools-for-stm32.9-2020-q2-update.win32_2.0.0.202105311346/tools/bin/../lib/gcc/arm-none-eabi/9.3.1/../../../../arm-none-eabi/lib/thumb/v7e-m+fp/hard\libc_nano.a(lib_a-makebuf.o)
 .debug_frame   0x00000000000011c4       0x38 c:/st/stm32cubeide_1.8.0/stm32cubeide/plugins/com.st.stm32cube.ide.mcu.externaltools.gnu-tools-for-stm32.9-2020-q2-update.win32_2.0.0.202105311346/tools/bin/../lib/gcc/arm-none-eabi/9.3.1/../../../../arm-none-eabi/lib/thumb/v7e-m+fp/hard\libc_nano.a(lib_a-nano-freer.o)
 .debug_frame   0x00000000000011fc       0x30 c:/st/stm32cubeide_1.8.0/stm32cubeide/plugins/com.st.stm32cube.ide.mcu.externaltools.gnu-tools-for-stm32.9-2020-q2-update.win32_2.0.0.202105311346/tools/bin/../lib/gcc/arm-none-eabi/9.3.1/../../../../arm-none-eabi/lib/thumb/v7e-m+fp/hard\libc_nano.a(lib_a-nano-mallocr.o)
 .debug_frame   0x000000000000122c       0x2c c:/st/stm32cubeide_1.8.0/stm32cubeide/plugins/com.st.stm32cube.ide.mcu.externaltools.gnu-tools-for-stm32.9-2020-q2-update.win32_2.0.0.202105311346/tools/bin/../lib/gcc/arm-none-eabi/9.3.1/../../../../arm-none-eabi/lib/thumb/v7e-m+fp/hard\libc_nano.a(lib_a-sbrkr.o)
 .debug_frame   0x0000000000001258       0x88 c:/st/stm32cubeide_1.8.0/stm32cubeide/plugins/com.st.stm32cube.ide.mcu.externaltools.gnu-tools-for-stm32.9-2020-q2-update.win32_2.0.0.202105311346/tools/bin/../lib/gcc/arm-none-eabi/9.3.1/../../../../arm-none-eabi/lib/thumb/v7e-m+fp/hard\libc_nano.a(lib_a-stdio.o)
 .debug_frame   0x00000000000012e0       0x2c c:/st/stm32cubeide_1.8.0/stm32cubeide/plugins/com.st.stm32cube.ide.mcu.externaltools.gnu-tools-for-stm32.9-2020-q2-update.win32_2.0.0.202105311346/tools/bin/../lib/gcc/arm-none-eabi/9.3.1/../../../../arm-none-eabi/lib/thumb/v7e-m+fp/hard\libc_nano.a(lib_a-writer.o)
 .debug_frame   0x000000000000130c       0x2c c:/st/stm32cubeide_1.8.0/stm32cubeide/plugins/com.st.stm32cube.ide.mcu.externaltools.gnu-tools-for-stm32.9-2020-q2-update.win32_2.0.0.202105311346/tools/bin/../lib/gcc/arm-none-eabi/9.3.1/../../../../arm-none-eabi/lib/thumb/v7e-m+fp/hard\libc_nano.a(lib_a-closer.o)
 .debug_frame   0x0000000000001338       0x2c c:/st/stm32cubeide_1.8.0/stm32cubeide/plugins/com.st.stm32cube.ide.mcu.externaltools.gnu-tools-for-stm32.9-2020-q2-update.win32_2.0.0.202105311346/tools/bin/../lib/gcc/arm-none-eabi/9.3.1/../../../../arm-none-eabi/lib/thumb/v7e-m+fp/hard\libc_nano.a(lib_a-fstatr.o)
 .debug_frame   0x0000000000001364       0x2c c:/st/stm32cubeide_1.8.0/stm32cubeide/plugins/com.st.stm32cube.ide.mcu.externaltools.gnu-tools-for-stm32.9-2020-q2-update.win32_2.0.0.202105311346/tools/bin/../lib/gcc/arm-none-eabi/9.3.1/../../../../arm-none-eabi/lib/thumb/v7e-m+fp/hard\libc_nano.a(lib_a-isattyr.o)
 .debug_frame   0x0000000000001390       0x2c c:/st/stm32cubeide_1.8.0/stm32cubeide/plugins/com.st.stm32cube.ide.mcu.externaltools.gnu-tools-for-stm32.9-2020-q2-update.win32_2.0.0.202105311346/tools/bin/../lib/gcc/arm-none-eabi/9.3.1/../../../../arm-none-eabi/lib/thumb/v7e-m+fp/hard\libc_nano.a(lib_a-lseekr.o)
 .debug_frame   0x00000000000013bc       0x30 c:/st/stm32cubeide_1.8.0/stm32cubeide/plugins/com.st.stm32cube.ide.mcu.externaltools.gnu-tools-for-stm32.9-2020-q2-update.win32_2.0.0.202105311346/tools/bin/../lib/gcc/arm-none-eabi/9.3.1/../../../../arm-none-eabi/lib/thumb/v7e-m+fp/hard\libc_nano.a(lib_a-mlock.o)
 .debug_frame   0x00000000000013ec       0x2c c:/st/stm32cubeide_1.8.0/stm32cubeide/plugins/com.st.stm32cube.ide.mcu.externaltools.gnu-tools-for-stm32.9-2020-q2-update.win32_2.0.0.202105311346/tools/bin/../lib/gcc/arm-none-eabi/9.3.1/../../../../arm-none-eabi/lib/thumb/v7e-m+fp/hard\libc_nano.a(lib_a-readr.o)
 .debug_frame   0x0000000000001418       0x5c c:/st/stm32cubeide_1.8.0/stm32cubeide/plugins/com.st.stm32cube.ide.mcu.externaltools.gnu-tools-for-stm32.9-2020-q2-update.win32_2.0.0.202105311346/tools/bin/../lib/gcc/arm-none-eabi/9.3.1/../../../../arm-none-eabi/lib/thumb/v7e-m+fp/hard\libc_nano.a(lib_a-reent.o)
