01:21:15 **** Clean-only build of configuration Debug for project stm32f4xx_drivers ****
make -j12 clean 
rm -rf ./drivers/Src/stm32f407xx_gpio_driver.d ./drivers/Src/stm32f407xx_gpio_driver.o ./drivers/Src/stm32f407xx_i2c_driver.d ./drivers/Src/stm32f407xx_i2c_driver.o ./drivers/Src/stm32f407xx_rcc_driver.d ./drivers/Src/stm32f407xx_rcc_driver.o ./drivers/Src/stm32f407xx_spi_driver.d ./drivers/Src/stm32f407xx_spi_driver.o ./drivers/Src/stm32f407xx_usart_driver.d ./drivers/Src/stm32f407xx_usart_driver.o
rm -rf ./Startup/startup_stm32f407vgtx.d ./Startup/startup_stm32f407vgtx.o
rm -rf ./Src/017rtc_lcd.d ./Src/017rtc_lcd.o ./Src/syscalls.d ./Src/syscalls.o ./Src/sysmem.d ./Src/sysmem.o
rm -rf ./BSP/ds1307.d ./BSP/ds1307.o ./BSP/lcd.d ./BSP/lcd.o
rm -rf default.size.stdout stm32f4xx_drivers.bin stm32f4xx_drivers.elf stm32f4xx_drivers.list
rm: can't remove 'stm32f4xx_drivers.elf': Permission denied
make: [makefile:86: clean] Error 1 (ignored)
 
01:21:15 **** Incremental Build of configuration Debug for project stm32f4xx_drivers ****
make -j12 all 
arm-none-eabi-gcc "../drivers/Src/stm32f407xx_gpio_driver.c" -mcpu=cortex-m4 -std=gnu11 -g3 -DDEBUG -DSTM32 -DSTM32F407G_DISC1 -DSTM32F4 -DSTM32F407VGTx -c -I../Inc -I"C:/Users/rsamonte/Embedded_Systems/Driver Development/MCU1/stm32f4xx_drivers/drivers/Inc" -I"C:/Users/rsamonte/Embedded_Systems/Driver Development/MCU1/stm32f4xx_drivers/BSP" -O0 -ffunction-sections -fdata-sections -Wall -fstack-usage -MMD -MP -MF"drivers/Src/stm32f407xx_gpio_driver.d" -MT"drivers/Src/stm32f407xx_gpio_driver.o" --specs=nano.specs -mfpu=fpv4-sp-d16 -mfloat-abi=hard -mthumb -o "drivers/Src/stm32f407xx_gpio_driver.o"
arm-none-eabi-gcc "../drivers/Src/stm32f407xx_i2c_driver.c" -mcpu=cortex-m4 -std=gnu11 -g3 -DDEBUG -DSTM32 -DSTM32F407G_DISC1 -DSTM32F4 -DSTM32F407VGTx -c -I../Inc -I"C:/Users/rsamonte/Embedded_Systems/Driver Development/MCU1/stm32f4xx_drivers/drivers/Inc" -I"C:/Users/rsamonte/Embedded_Systems/Driver Development/MCU1/stm32f4xx_drivers/BSP" -O0 -ffunction-sections -fdata-sections -Wall -fstack-usage -MMD -MP -MF"drivers/Src/stm32f407xx_i2c_driver.d" -MT"drivers/Src/stm32f407xx_i2c_driver.o" --specs=nano.specs -mfpu=fpv4-sp-d16 -mfloat-abi=hard -mthumb -o "drivers/Src/stm32f407xx_i2c_driver.o"
arm-none-eabi-gcc "../drivers/Src/stm32f407xx_rcc_driver.c" -mcpu=cortex-m4 -std=gnu11 -g3 -DDEBUG -DSTM32 -DSTM32F407G_DISC1 -DSTM32F4 -DSTM32F407VGTx -c -I../Inc -I"C:/Users/rsamonte/Embedded_Systems/Driver Development/MCU1/stm32f4xx_drivers/drivers/Inc" -I"C:/Users/rsamonte/Embedded_Systems/Driver Development/MCU1/stm32f4xx_drivers/BSP" -O0 -ffunction-sections -fdata-sections -Wall -fstack-usage -MMD -MP -MF"drivers/Src/stm32f407xx_rcc_driver.d" -MT"drivers/Src/stm32f407xx_rcc_driver.o" --specs=nano.specs -mfpu=fpv4-sp-d16 -mfloat-abi=hard -mthumb -o "drivers/Src/stm32f407xx_rcc_driver.o"
arm-none-eabi-gcc "../drivers/Src/stm32f407xx_spi_driver.c" -mcpu=cortex-m4 -std=gnu11 -g3 -DDEBUG -DSTM32 -DSTM32F407G_DISC1 -DSTM32F4 -DSTM32F407VGTx -c -I../Inc -I"C:/Users/rsamonte/Embedded_Systems/Driver Development/MCU1/stm32f4xx_drivers/drivers/Inc" -I"C:/Users/rsamonte/Embedded_Systems/Driver Development/MCU1/stm32f4xx_drivers/BSP" -O0 -ffunction-sections -fdata-sections -Wall -fstack-usage -MMD -MP -MF"drivers/Src/stm32f407xx_spi_driver.d" -MT"drivers/Src/stm32f407xx_spi_driver.o" --specs=nano.specs -mfpu=fpv4-sp-d16 -mfloat-abi=hard -mthumb -o "drivers/Src/stm32f407xx_spi_driver.o"
arm-none-eabi-gcc "../drivers/Src/stm32f407xx_usart_driver.c" -mcpu=cortex-m4 -std=gnu11 -g3 -DDEBUG -DSTM32 -DSTM32F407G_DISC1 -DSTM32F4 -DSTM32F407VGTx -c -I../Inc -I"C:/Users/rsamonte/Embedded_Systems/Driver Development/MCU1/stm32f4xx_drivers/drivers/Inc" -I"C:/Users/rsamonte/Embedded_Systems/Driver Development/MCU1/stm32f4xx_drivers/BSP" -O0 -ffunction-sections -fdata-sections -Wall -fstack-usage -MMD -MP -MF"drivers/Src/stm32f407xx_usart_driver.d" -MT"drivers/Src/stm32f407xx_usart_driver.o" --specs=nano.specs -mfpu=fpv4-sp-d16 -mfloat-abi=hard -mthumb -o "drivers/Src/stm32f407xx_usart_driver.o"
arm-none-eabi-gcc -mcpu=cortex-m4 -g3 -DDEBUG -c -x assembler-with-cpp -MMD -MP -MF"Startup/startup_stm32f407vgtx.d" -MT"Startup/startup_stm32f407vgtx.o" --specs=nano.specs -mfpu=fpv4-sp-d16 -mfloat-abi=hard -mthumb -o "Startup/startup_stm32f407vgtx.o" "../Startup/startup_stm32f407vgtx.s"
arm-none-eabi-gcc "../Src/015uart_tx.c" -mcpu=cortex-m4 -std=gnu11 -g3 -DDEBUG -DSTM32 -DSTM32F407G_DISC1 -DSTM32F4 -DSTM32F407VGTx -c -I../Inc -I"C:/Users/rsamonte/Embedded_Systems/Driver Development/MCU1/stm32f4xx_drivers/drivers/Inc" -I"C:/Users/rsamonte/Embedded_Systems/Driver Development/MCU1/stm32f4xx_drivers/BSP" -O0 -ffunction-sections -fdata-sections -Wall -fstack-usage -MMD -MP -MF"Src/015uart_tx.d" -MT"Src/015uart_tx.o" --specs=nano.specs -mfpu=fpv4-sp-d16 -mfloat-abi=hard -mthumb -o "Src/015uart_tx.o"
arm-none-eabi-gcc "../Src/syscalls.c" -mcpu=cortex-m4 -std=gnu11 -g3 -DDEBUG -DSTM32 -DSTM32F407G_DISC1 -DSTM32F4 -DSTM32F407VGTx -c -I../Inc -I"C:/Users/rsamonte/Embedded_Systems/Driver Development/MCU1/stm32f4xx_drivers/drivers/Inc" -I"C:/Users/rsamonte/Embedded_Systems/Driver Development/MCU1/stm32f4xx_drivers/BSP" -O0 -ffunction-sections -fdata-sections -Wall -fstack-usage -MMD -MP -MF"Src/syscalls.d" -MT"Src/syscalls.o" --specs=nano.specs -mfpu=fpv4-sp-d16 -mfloat-abi=hard -mthumb -o "Src/syscalls.o"
arm-none-eabi-gcc "../Src/sysmem.c" -mcpu=cortex-m4 -std=gnu11 -g3 -DDEBUG -DSTM32 -DSTM32F407G_DISC1 -DSTM32F4 -DSTM32F407VGTx -c -I../Inc -I"C:/Users/rsamonte/Embedded_Systems/Driver Development/MCU1/stm32f4xx_drivers/drivers/Inc" -I"C:/Users/rsamonte/Embedded_Systems/Driver Development/MCU1/stm32f4xx_drivers/BSP" -O0 -ffunction-sections -fdata-sections -Wall -fstack-usage -MMD -MP -MF"Src/sysmem.d" -MT"Src/sysmem.o" --specs=nano.specs -mfpu=fpv4-sp-d16 -mfloat-abi=hard -mthumb -o "Src/sysmem.o"
arm-none-eabi-gcc "../BSP/ds1307.c" -mcpu=cortex-m4 -std=gnu11 -g3 -DDEBUG -DSTM32 -DSTM32F407G_DISC1 -DSTM32F4 -DSTM32F407VGTx -c -I../Inc -I"C:/Users/rsamonte/Embedded_Systems/Driver Development/MCU1/stm32f4xx_drivers/drivers/Inc" -I"C:/Users/rsamonte/Embedded_Systems/Driver Development/MCU1/stm32f4xx_drivers/BSP" -O0 -ffunction-sections -fdata-sections -Wall -fstack-usage -MMD -MP -MF"BSP/ds1307.d" -MT"BSP/ds1307.o" --specs=nano.specs -mfpu=fpv4-sp-d16 -mfloat-abi=hard -mthumb -o "BSP/ds1307.o"
arm-none-eabi-gcc "../BSP/lcd.c" -mcpu=cortex-m4 -std=gnu11 -g3 -DDEBUG -DSTM32 -DSTM32F407G_DISC1 -DSTM32F4 -DSTM32F407VGTx -c -I../Inc -I"C:/Users/rsamonte/Embedded_Systems/Driver Development/MCU1/stm32f4xx_drivers/drivers/Inc" -I"C:/Users/rsamonte/Embedded_Systems/Driver Development/MCU1/stm32f4xx_drivers/BSP" -O0 -ffunction-sections -fdata-sections -Wall -fstack-usage -MMD -MP -MF"BSP/lcd.d" -MT"BSP/lcd.o" --specs=nano.specs -mfpu=fpv4-sp-d16 -mfloat-abi=hard -mthumb -o "BSP/lcd.o"
../drivers/Src/stm32f407xx_usart_driver.c: In function 'USART_IRQHandling':
../drivers/Src/stm32f407xx_usart_driver.c:643:26: warning: variable 'temp3' set but not used [-Wunused-but-set-variable]
  643 |  uint32_t temp1 , temp2, temp3;
      |                          ^~~~~
arm-none-eabi-gcc -o "stm32f4xx_drivers.elf" @"objects.list"   -mcpu=cortex-m4 -T"C:\Users\rsamonte\Embedded_Systems\Driver Development\MCU1\stm32f4xx_drivers\STM32F407VGTX_FLASH.ld" --specs=nosys.specs -Wl,-Map="stm32f4xx_drivers.map" -Wl,--gc-sections -static --specs=nano.specs -mfpu=fpv4-sp-d16 -mfloat-abi=hard -mthumb -Wl,--start-group -lc -lm -Wl,--end-group
Finished building target: stm32f4xx_drivers.elf
 
arm-none-eabi-size   stm32f4xx_drivers.elf 
arm-none-eabi-objdump -h -S  stm32f4xx_drivers.elf  > "stm32f4xx_drivers.list"
arm-none-eabi-objcopy  -O binary  stm32f4xx_drivers.elf  "stm32f4xx_drivers.bin"
   text	   data	    bss	    dec	    hex	filename
   3796	   1052	   1604	   6452	   1934	stm32f4xx_drivers.elf
Finished building: default.size.stdout
 
Finished building: stm32f4xx_drivers.list
Finished building: stm32f4xx_drivers.bin
 
 
01:21:29 **** Incremental Build of configuration Debug for project stm32f4xx_drivers ****
make -j12 all 
arm-none-eabi-size   stm32f4xx_drivers.elf 
   text	   data	    bss	    dec	    hex	filename
   3796	   1052	   1604	   6452	   1934	stm32f4xx_drivers.elf
Finished building: default.size.stdout
 
01:22:07 **** Clean-only build of configuration Debug for project stm32f4xx_drivers ****
make -j12 clean 
rm -rf ./drivers/Src/stm32f407xx_gpio_driver.d ./drivers/Src/stm32f407xx_gpio_driver.o ./drivers/Src/stm32f407xx_i2c_driver.d ./drivers/Src/stm32f407xx_i2c_driver.o ./drivers/Src/stm32f407xx_rcc_driver.d ./drivers/Src/stm32f407xx_rcc_driver.o ./drivers/Src/stm32f407xx_spi_driver.d ./drivers/Src/stm32f407xx_spi_driver.o ./drivers/Src/stm32f407xx_usart_driver.d ./drivers/Src/stm32f407xx_usart_driver.o
rm -rf ./Startup/startup_stm32f407vgtx.d ./Startup/startup_stm32f407vgtx.o
rm -rf ./Src/015uart_tx.d ./Src/015uart_tx.o ./Src/syscalls.d ./Src/syscalls.o ./Src/sysmem.d ./Src/sysmem.o
rm -rf ./BSP/ds1307.d ./BSP/ds1307.o ./BSP/lcd.d ./BSP/lcd.o
rm -rf default.size.stdout stm32f4xx_drivers.bin stm32f4xx_drivers.elf stm32f4xx_drivers.list
rm: can't remove 'stm32f4xx_drivers.elf': Permission denied
make: [makefile:86: clean] Error 1 (ignored)
 
01:22:08 **** Incremental Build of configuration Debug for project stm32f4xx_drivers ****
make -j12 all 
arm-none-eabi-gcc "../drivers/Src/stm32f407xx_gpio_driver.c" -mcpu=cortex-m4 -std=gnu11 -g3 -DDEBUG -DSTM32 -DSTM32F407G_DISC1 -DSTM32F4 -DSTM32F407VGTx -c -I../Inc -I"C:/Users/rsamonte/Embedded_Systems/Driver Development/MCU1/stm32f4xx_drivers/drivers/Inc" -I"C:/Users/rsamonte/Embedded_Systems/Driver Development/MCU1/stm32f4xx_drivers/BSP" -O0 -ffunction-sections -fdata-sections -Wall -fstack-usage -MMD -MP -MF"drivers/Src/stm32f407xx_gpio_driver.d" -MT"drivers/Src/stm32f407xx_gpio_driver.o" --specs=nano.specs -mfpu=fpv4-sp-d16 -mfloat-abi=hard -mthumb -o "drivers/Src/stm32f407xx_gpio_driver.o"
arm-none-eabi-gcc "../drivers/Src/stm32f407xx_i2c_driver.c" -mcpu=cortex-m4 -std=gnu11 -g3 -DDEBUG -DSTM32 -DSTM32F407G_DISC1 -DSTM32F4 -DSTM32F407VGTx -c -I../Inc -I"C:/Users/rsamonte/Embedded_Systems/Driver Development/MCU1/stm32f4xx_drivers/drivers/Inc" -I"C:/Users/rsamonte/Embedded_Systems/Driver Development/MCU1/stm32f4xx_drivers/BSP" -O0 -ffunction-sections -fdata-sections -Wall -fstack-usage -MMD -MP -MF"drivers/Src/stm32f407xx_i2c_driver.d" -MT"drivers/Src/stm32f407xx_i2c_driver.o" --specs=nano.specs -mfpu=fpv4-sp-d16 -mfloat-abi=hard -mthumb -o "drivers/Src/stm32f407xx_i2c_driver.o"
arm-none-eabi-gcc "../drivers/Src/stm32f407xx_rcc_driver.c" -mcpu=cortex-m4 -std=gnu11 -g3 -DDEBUG -DSTM32 -DSTM32F407G_DISC1 -DSTM32F4 -DSTM32F407VGTx -c -I../Inc -I"C:/Users/rsamonte/Embedded_Systems/Driver Development/MCU1/stm32f4xx_drivers/drivers/Inc" -I"C:/Users/rsamonte/Embedded_Systems/Driver Development/MCU1/stm32f4xx_drivers/BSP" -O0 -ffunction-sections -fdata-sections -Wall -fstack-usage -MMD -MP -MF"drivers/Src/stm32f407xx_rcc_driver.d" -MT"drivers/Src/stm32f407xx_rcc_driver.o" --specs=nano.specs -mfpu=fpv4-sp-d16 -mfloat-abi=hard -mthumb -o "drivers/Src/stm32f407xx_rcc_driver.o"
arm-none-eabi-gcc "../drivers/Src/stm32f407xx_spi_driver.c" -mcpu=cortex-m4 -std=gnu11 -g3 -DDEBUG -DSTM32 -DSTM32F407G_DISC1 -DSTM32F4 -DSTM32F407VGTx -c -I../Inc -I"C:/Users/rsamonte/Embedded_Systems/Driver Development/MCU1/stm32f4xx_drivers/drivers/Inc" -I"C:/Users/rsamonte/Embedded_Systems/Driver Development/MCU1/stm32f4xx_drivers/BSP" -O0 -ffunction-sections -fdata-sections -Wall -fstack-usage -MMD -MP -MF"drivers/Src/stm32f407xx_spi_driver.d" -MT"drivers/Src/stm32f407xx_spi_driver.o" --specs=nano.specs -mfpu=fpv4-sp-d16 -mfloat-abi=hard -mthumb -o "drivers/Src/stm32f407xx_spi_driver.o"
arm-none-eabi-gcc "../drivers/Src/stm32f407xx_usart_driver.c" -mcpu=cortex-m4 -std=gnu11 -g3 -DDEBUG -DSTM32 -DSTM32F407G_DISC1 -DSTM32F4 -DSTM32F407VGTx -c -I../Inc -I"C:/Users/rsamonte/Embedded_Systems/Driver Development/MCU1/stm32f4xx_drivers/drivers/Inc" -I"C:/Users/rsamonte/Embedded_Systems/Driver Development/MCU1/stm32f4xx_drivers/BSP" -O0 -ffunction-sections -fdata-sections -Wall -fstack-usage -MMD -MP -MF"drivers/Src/stm32f407xx_usart_driver.d" -MT"drivers/Src/stm32f407xx_usart_driver.o" --specs=nano.specs -mfpu=fpv4-sp-d16 -mfloat-abi=hard -mthumb -o "drivers/Src/stm32f407xx_usart_driver.o"
arm-none-eabi-gcc -mcpu=cortex-m4 -g3 -DDEBUG -c -x assembler-with-cpp -MMD -MP -MF"Startup/startup_stm32f407vgtx.d" -MT"Startup/startup_stm32f407vgtx.o" --specs=nano.specs -mfpu=fpv4-sp-d16 -mfloat-abi=hard -mthumb -o "Startup/startup_stm32f407vgtx.o" "../Startup/startup_stm32f407vgtx.s"
arm-none-eabi-gcc "../Src/010i2c_master_tx_testing.c" -mcpu=cortex-m4 -std=gnu11 -g3 -DDEBUG -DSTM32 -DSTM32F407G_DISC1 -DSTM32F4 -DSTM32F407VGTx -c -I../Inc -I"C:/Users/rsamonte/Embedded_Systems/Driver Development/MCU1/stm32f4xx_drivers/drivers/Inc" -I"C:/Users/rsamonte/Embedded_Systems/Driver Development/MCU1/stm32f4xx_drivers/BSP" -O0 -ffunction-sections -fdata-sections -Wall -fstack-usage -MMD -MP -MF"Src/010i2c_master_tx_testing.d" -MT"Src/010i2c_master_tx_testing.o" --specs=nano.specs -mfpu=fpv4-sp-d16 -mfloat-abi=hard -mthumb -o "Src/010i2c_master_tx_testing.o"
arm-none-eabi-gcc "../Src/syscalls.c" -mcpu=cortex-m4 -std=gnu11 -g3 -DDEBUG -DSTM32 -DSTM32F407G_DISC1 -DSTM32F4 -DSTM32F407VGTx -c -I../Inc -I"C:/Users/rsamonte/Embedded_Systems/Driver Development/MCU1/stm32f4xx_drivers/drivers/Inc" -I"C:/Users/rsamonte/Embedded_Systems/Driver Development/MCU1/stm32f4xx_drivers/BSP" -O0 -ffunction-sections -fdata-sections -Wall -fstack-usage -MMD -MP -MF"Src/syscalls.d" -MT"Src/syscalls.o" --specs=nano.specs -mfpu=fpv4-sp-d16 -mfloat-abi=hard -mthumb -o "Src/syscalls.o"
arm-none-eabi-gcc "../Src/sysmem.c" -mcpu=cortex-m4 -std=gnu11 -g3 -DDEBUG -DSTM32 -DSTM32F407G_DISC1 -DSTM32F4 -DSTM32F407VGTx -c -I../Inc -I"C:/Users/rsamonte/Embedded_Systems/Driver Development/MCU1/stm32f4xx_drivers/drivers/Inc" -I"C:/Users/rsamonte/Embedded_Systems/Driver Development/MCU1/stm32f4xx_drivers/BSP" -O0 -ffunction-sections -fdata-sections -Wall -fstack-usage -MMD -MP -MF"Src/sysmem.d" -MT"Src/sysmem.o" --specs=nano.specs -mfpu=fpv4-sp-d16 -mfloat-abi=hard -mthumb -o "Src/sysmem.o"
arm-none-eabi-gcc "../BSP/ds1307.c" -mcpu=cortex-m4 -std=gnu11 -g3 -DDEBUG -DSTM32 -DSTM32F407G_DISC1 -DSTM32F4 -DSTM32F407VGTx -c -I../Inc -I"C:/Users/rsamonte/Embedded_Systems/Driver Development/MCU1/stm32f4xx_drivers/drivers/Inc" -I"C:/Users/rsamonte/Embedded_Systems/Driver Development/MCU1/stm32f4xx_drivers/BSP" -O0 -ffunction-sections -fdata-sections -Wall -fstack-usage -MMD -MP -MF"BSP/ds1307.d" -MT"BSP/ds1307.o" --specs=nano.specs -mfpu=fpv4-sp-d16 -mfloat-abi=hard -mthumb -o "BSP/ds1307.o"
arm-none-eabi-gcc "../BSP/lcd.c" -mcpu=cortex-m4 -std=gnu11 -g3 -DDEBUG -DSTM32 -DSTM32F407G_DISC1 -DSTM32F4 -DSTM32F407VGTx -c -I../Inc -I"C:/Users/rsamonte/Embedded_Systems/Driver Development/MCU1/stm32f4xx_drivers/drivers/Inc" -I"C:/Users/rsamonte/Embedded_Systems/Driver Development/MCU1/stm32f4xx_drivers/BSP" -O0 -ffunction-sections -fdata-sections -Wall -fstack-usage -MMD -MP -MF"BSP/lcd.d" -MT"BSP/lcd.o" --specs=nano.specs -mfpu=fpv4-sp-d16 -mfloat-abi=hard -mthumb -o "BSP/lcd.o"
../drivers/Src/stm32f407xx_usart_driver.c: In function 'USART_IRQHandling':
../drivers/Src/stm32f407xx_usart_driver.c:643:26: warning: variable 'temp3' set but not used [-Wunused-but-set-variable]
  643 |  uint32_t temp1 , temp2, temp3;
      |                          ^~~~~
arm-none-eabi-gcc -o "stm32f4xx_drivers.elf" @"objects.list"   -mcpu=cortex-m4 -T"C:\Users\rsamonte\Embedded_Systems\Driver Development\MCU1\stm32f4xx_drivers\STM32F407VGTX_FLASH.ld" --specs=nosys.specs -Wl,-Map="stm32f4xx_drivers.map" -Wl,--gc-sections -static --specs=nano.specs -mfpu=fpv4-sp-d16 -mfloat-abi=hard -mthumb -Wl,--start-group -lc -lm -Wl,--end-group
Finished building target: stm32f4xx_drivers.elf
 
arm-none-eabi-size   stm32f4xx_drivers.elf 
arm-none-eabi-objdump -h -S  stm32f4xx_drivers.elf  > "stm32f4xx_drivers.list"
arm-none-eabi-objcopy  -O binary  stm32f4xx_drivers.elf  "stm32f4xx_drivers.bin"
   text	   data	    bss	    dec	    hex	filename
   3720	     60	   1604	   5384	   1508	stm32f4xx_drivers.elf
Finished building: default.size.stdout
 
Finished building: stm32f4xx_drivers.list
Finished building: stm32f4xx_drivers.bin
 
 
01:22:18 **** Incremental Build of configuration Debug for project stm32f4xx_drivers ****
make -j12 all 
arm-none-eabi-size   stm32f4xx_drivers.elf 
   text	   data	    bss	    dec	    hex	filename
   3720	     60	   1604	   5384	   1508	stm32f4xx_drivers.elf
Finished building: default.size.stdout
 
01:25:05 **** Incremental Build of configuration Debug for project 001HelloWorld ****
make -j12 all 
arm-none-eabi-size   001HelloWorld.elf 
   text	   data	    bss	    dec	    hex	filename
   3660	    108	   1596	   5364	   14f4	001HelloWorld.elf
Finished building: default.size.stdout
 
01:25:06 **** Clean-only build of configuration Debug for project stm32f4xx_drivers ****
make -j12 clean 
rm -rf ./drivers/Src/stm32f407xx_gpio_driver.d ./drivers/Src/stm32f407xx_gpio_driver.o ./drivers/Src/stm32f407xx_i2c_driver.d ./drivers/Src/stm32f407xx_i2c_driver.o ./drivers/Src/stm32f407xx_rcc_driver.d ./drivers/Src/stm32f407xx_rcc_driver.o ./drivers/Src/stm32f407xx_spi_driver.d ./drivers/Src/stm32f407xx_spi_driver.o ./drivers/Src/stm32f407xx_usart_driver.d ./drivers/Src/stm32f407xx_usart_driver.o
rm -rf ./Startup/startup_stm32f407vgtx.d ./Startup/startup_stm32f407vgtx.o
rm -rf ./Src/010i2c_master_tx_testing.d ./Src/010i2c_master_tx_testing.o ./Src/syscalls.d ./Src/syscalls.o ./Src/sysmem.d ./Src/sysmem.o
rm -rf ./BSP/ds1307.d ./BSP/ds1307.o ./BSP/lcd.d ./BSP/lcd.o
rm -rf default.size.stdout stm32f4xx_drivers.bin stm32f4xx_drivers.elf stm32f4xx_drivers.list
rm: can't remove 'stm32f4xx_drivers.elf': Permission denied
make: [makefile:86: clean] Error 1 (ignored)
 
01:25:06 **** Incremental Build of configuration Debug for project stm32f4xx_drivers ****
make -j12 all 
arm-none-eabi-gcc "../drivers/Src/stm32f407xx_gpio_driver.c" -mcpu=cortex-m4 -std=gnu11 -g3 -DDEBUG -DSTM32 -DSTM32F407G_DISC1 -DSTM32F4 -DSTM32F407VGTx -c -I../Inc -I"C:/Users/rsamonte/Embedded_Systems/Driver Development/MCU1/stm32f4xx_drivers/drivers/Inc" -I"C:/Users/rsamonte/Embedded_Systems/Driver Development/MCU1/stm32f4xx_drivers/BSP" -O0 -ffunction-sections -fdata-sections -Wall -fstack-usage -MMD -MP -MF"drivers/Src/stm32f407xx_gpio_driver.d" -MT"drivers/Src/stm32f407xx_gpio_driver.o" --specs=nano.specs -mfpu=fpv4-sp-d16 -mfloat-abi=hard -mthumb -o "drivers/Src/stm32f407xx_gpio_driver.o"
arm-none-eabi-gcc "../drivers/Src/stm32f407xx_i2c_driver.c" -mcpu=cortex-m4 -std=gnu11 -g3 -DDEBUG -DSTM32 -DSTM32F407G_DISC1 -DSTM32F4 -DSTM32F407VGTx -c -I../Inc -I"C:/Users/rsamonte/Embedded_Systems/Driver Development/MCU1/stm32f4xx_drivers/drivers/Inc" -I"C:/Users/rsamonte/Embedded_Systems/Driver Development/MCU1/stm32f4xx_drivers/BSP" -O0 -ffunction-sections -fdata-sections -Wall -fstack-usage -MMD -MP -MF"drivers/Src/stm32f407xx_i2c_driver.d" -MT"drivers/Src/stm32f407xx_i2c_driver.o" --specs=nano.specs -mfpu=fpv4-sp-d16 -mfloat-abi=hard -mthumb -o "drivers/Src/stm32f407xx_i2c_driver.o"
arm-none-eabi-gcc "../drivers/Src/stm32f407xx_rcc_driver.c" -mcpu=cortex-m4 -std=gnu11 -g3 -DDEBUG -DSTM32 -DSTM32F407G_DISC1 -DSTM32F4 -DSTM32F407VGTx -c -I../Inc -I"C:/Users/rsamonte/Embedded_Systems/Driver Development/MCU1/stm32f4xx_drivers/drivers/Inc" -I"C:/Users/rsamonte/Embedded_Systems/Driver Development/MCU1/stm32f4xx_drivers/BSP" -O0 -ffunction-sections -fdata-sections -Wall -fstack-usage -MMD -MP -MF"drivers/Src/stm32f407xx_rcc_driver.d" -MT"drivers/Src/stm32f407xx_rcc_driver.o" --specs=nano.specs -mfpu=fpv4-sp-d16 -mfloat-abi=hard -mthumb -o "drivers/Src/stm32f407xx_rcc_driver.o"
arm-none-eabi-gcc "../drivers/Src/stm32f407xx_spi_driver.c" -mcpu=cortex-m4 -std=gnu11 -g3 -DDEBUG -DSTM32 -DSTM32F407G_DISC1 -DSTM32F4 -DSTM32F407VGTx -c -I../Inc -I"C:/Users/rsamonte/Embedded_Systems/Driver Development/MCU1/stm32f4xx_drivers/drivers/Inc" -I"C:/Users/rsamonte/Embedded_Systems/Driver Development/MCU1/stm32f4xx_drivers/BSP" -O0 -ffunction-sections -fdata-sections -Wall -fstack-usage -MMD -MP -MF"drivers/Src/stm32f407xx_spi_driver.d" -MT"drivers/Src/stm32f407xx_spi_driver.o" --specs=nano.specs -mfpu=fpv4-sp-d16 -mfloat-abi=hard -mthumb -o "drivers/Src/stm32f407xx_spi_driver.o"
arm-none-eabi-gcc "../drivers/Src/stm32f407xx_usart_driver.c" -mcpu=cortex-m4 -std=gnu11 -g3 -DDEBUG -DSTM32 -DSTM32F407G_DISC1 -DSTM32F4 -DSTM32F407VGTx -c -I../Inc -I"C:/Users/rsamonte/Embedded_Systems/Driver Development/MCU1/stm32f4xx_drivers/drivers/Inc" -I"C:/Users/rsamonte/Embedded_Systems/Driver Development/MCU1/stm32f4xx_drivers/BSP" -O0 -ffunction-sections -fdata-sections -Wall -fstack-usage -MMD -MP -MF"drivers/Src/stm32f407xx_usart_driver.d" -MT"drivers/Src/stm32f407xx_usart_driver.o" --specs=nano.specs -mfpu=fpv4-sp-d16 -mfloat-abi=hard -mthumb -o "drivers/Src/stm32f407xx_usart_driver.o"
arm-none-eabi-gcc -mcpu=cortex-m4 -g3 -DDEBUG -c -x assembler-with-cpp -MMD -MP -MF"Startup/startup_stm32f407vgtx.d" -MT"Startup/startup_stm32f407vgtx.o" --specs=nano.specs -mfpu=fpv4-sp-d16 -mfloat-abi=hard -mthumb -o "Startup/startup_stm32f407vgtx.o" "../Startup/startup_stm32f407vgtx.s"
arm-none-eabi-gcc "../Src/017rtc_lcd.c" -mcpu=cortex-m4 -std=gnu11 -g3 -DDEBUG -DSTM32 -DSTM32F407G_DISC1 -DSTM32F4 -DSTM32F407VGTx -c -I../Inc -I"C:/Users/rsamonte/Embedded_Systems/Driver Development/MCU1/stm32f4xx_drivers/drivers/Inc" -I"C:/Users/rsamonte/Embedded_Systems/Driver Development/MCU1/stm32f4xx_drivers/BSP" -O0 -ffunction-sections -fdata-sections -Wall -fstack-usage -MMD -MP -MF"Src/017rtc_lcd.d" -MT"Src/017rtc_lcd.o" --specs=nano.specs -mfpu=fpv4-sp-d16 -mfloat-abi=hard -mthumb -o "Src/017rtc_lcd.o"
arm-none-eabi-gcc "../Src/syscalls.c" -mcpu=cortex-m4 -std=gnu11 -g3 -DDEBUG -DSTM32 -DSTM32F407G_DISC1 -DSTM32F4 -DSTM32F407VGTx -c -I../Inc -I"C:/Users/rsamonte/Embedded_Systems/Driver Development/MCU1/stm32f4xx_drivers/drivers/Inc" -I"C:/Users/rsamonte/Embedded_Systems/Driver Development/MCU1/stm32f4xx_drivers/BSP" -O0 -ffunction-sections -fdata-sections -Wall -fstack-usage -MMD -MP -MF"Src/syscalls.d" -MT"Src/syscalls.o" --specs=nano.specs -mfpu=fpv4-sp-d16 -mfloat-abi=hard -mthumb -o "Src/syscalls.o"
arm-none-eabi-gcc "../Src/sysmem.c" -mcpu=cortex-m4 -std=gnu11 -g3 -DDEBUG -DSTM32 -DSTM32F407G_DISC1 -DSTM32F4 -DSTM32F407VGTx -c -I../Inc -I"C:/Users/rsamonte/Embedded_Systems/Driver Development/MCU1/stm32f4xx_drivers/drivers/Inc" -I"C:/Users/rsamonte/Embedded_Systems/Driver Development/MCU1/stm32f4xx_drivers/BSP" -O0 -ffunction-sections -fdata-sections -Wall -fstack-usage -MMD -MP -MF"Src/sysmem.d" -MT"Src/sysmem.o" --specs=nano.specs -mfpu=fpv4-sp-d16 -mfloat-abi=hard -mthumb -o "Src/sysmem.o"
arm-none-eabi-gcc "../BSP/ds1307.c" -mcpu=cortex-m4 -std=gnu11 -g3 -DDEBUG -DSTM32 -DSTM32F407G_DISC1 -DSTM32F4 -DSTM32F407VGTx -c -I../Inc -I"C:/Users/rsamonte/Embedded_Systems/Driver Development/MCU1/stm32f4xx_drivers/drivers/Inc" -I"C:/Users/rsamonte/Embedded_Systems/Driver Development/MCU1/stm32f4xx_drivers/BSP" -O0 -ffunction-sections -fdata-sections -Wall -fstack-usage -MMD -MP -MF"BSP/ds1307.d" -MT"BSP/ds1307.o" --specs=nano.specs -mfpu=fpv4-sp-d16 -mfloat-abi=hard -mthumb -o "BSP/ds1307.o"
arm-none-eabi-gcc "../BSP/lcd.c" -mcpu=cortex-m4 -std=gnu11 -g3 -DDEBUG -DSTM32 -DSTM32F407G_DISC1 -DSTM32F4 -DSTM32F407VGTx -c -I../Inc -I"C:/Users/rsamonte/Embedded_Systems/Driver Development/MCU1/stm32f4xx_drivers/drivers/Inc" -I"C:/Users/rsamonte/Embedded_Systems/Driver Development/MCU1/stm32f4xx_drivers/BSP" -O0 -ffunction-sections -fdata-sections -Wall -fstack-usage -MMD -MP -MF"BSP/lcd.d" -MT"BSP/lcd.o" --specs=nano.specs -mfpu=fpv4-sp-d16 -mfloat-abi=hard -mthumb -o "BSP/lcd.o"
../drivers/Src/stm32f407xx_usart_driver.c: In function 'USART_IRQHandling':
../drivers/Src/stm32f407xx_usart_driver.c:643:26: warning: variable 'temp3' set but not used [-Wunused-but-set-variable]
  643 |  uint32_t temp1 , temp2, temp3;
      |                          ^~~~~
../Src/017rtc_lcd.c:97:13: warning: 'mdelay' defined but not used [-Wunused-function]
   97 | static void mdelay(uint32_t cnt)
      |             ^~~~~~
arm-none-eabi-gcc -o "stm32f4xx_drivers.elf" @"objects.list"   -mcpu=cortex-m4 -T"C:\Users\rsamonte\Embedded_Systems\Driver Development\MCU1\stm32f4xx_drivers\STM32F407VGTX_FLASH.ld" --specs=nosys.specs -Wl,-Map="stm32f4xx_drivers.map" -Wl,--gc-sections -static --specs=nano.specs -mfpu=fpv4-sp-d16 -mfloat-abi=hard -mthumb -Wl,--start-group -lc -lm -Wl,--end-group
Finished building target: stm32f4xx_drivers.elf
 
arm-none-eabi-size   stm32f4xx_drivers.elf 
arm-none-eabi-objdump -h -S  stm32f4xx_drivers.elf  > "stm32f4xx_drivers.list"
arm-none-eabi-objcopy  -O binary  stm32f4xx_drivers.elf  "stm32f4xx_drivers.bin"
   text	   data	    bss	    dec	    hex	filename
  10444	    128	   1656	  12228	   2fc4	stm32f4xx_drivers.elf
Finished building: default.size.stdout
 
Finished building: stm32f4xx_drivers.bin
Finished building: stm32f4xx_drivers.list
 
 
01:25:22 **** Incremental Build of configuration Debug for project stm32f4xx_drivers ****
make -j12 all 
arm-none-eabi-size   stm32f4xx_drivers.elf 
   text	   data	    bss	    dec	    hex	filename
  10444	    128	   1656	  12228	   2fc4	stm32f4xx_drivers.elf
Finished building: default.size.stdout
 
01:36:19 **** Clean-only build of configuration Debug for project stm32f4xx_drivers ****
make -j12 clean 
rm -rf ./drivers/Src/stm32f407xx_gpio_driver.d ./drivers/Src/stm32f407xx_gpio_driver.o ./drivers/Src/stm32f407xx_i2c_driver.d ./drivers/Src/stm32f407xx_i2c_driver.o ./drivers/Src/stm32f407xx_rcc_driver.d ./drivers/Src/stm32f407xx_rcc_driver.o ./drivers/Src/stm32f407xx_spi_driver.d ./drivers/Src/stm32f407xx_spi_driver.o ./drivers/Src/stm32f407xx_usart_driver.d ./drivers/Src/stm32f407xx_usart_driver.o
rm -rf ./Startup/startup_stm32f407vgtx.d ./Startup/startup_stm32f407vgtx.o
rm -rf ./Src/017rtc_lcd.d ./Src/017rtc_lcd.o ./Src/syscalls.d ./Src/syscalls.o ./Src/sysmem.d ./Src/sysmem.o
rm -rf ./BSP/ds1307.d ./BSP/ds1307.o ./BSP/lcd.d ./BSP/lcd.o
rm -rf default.size.stdout stm32f4xx_drivers.bin stm32f4xx_drivers.elf stm32f4xx_drivers.list
rm: can't remove 'stm32f4xx_drivers.elf': Permission denied
make: [makefile:86: clean] Error 1 (ignored)
 
01:36:20 **** Incremental Build of configuration Debug for project stm32f4xx_drivers ****
make -j12 all 
arm-none-eabi-gcc "../drivers/Src/stm32f407xx_gpio_driver.c" -mcpu=cortex-m4 -std=gnu11 -g3 -DDEBUG -DSTM32 -DSTM32F407G_DISC1 -DSTM32F4 -DSTM32F407VGTx -c -I../Inc -I"C:/Users/rsamonte/Embedded_Systems/Driver Development/MCU1/stm32f4xx_drivers/drivers/Inc" -I"C:/Users/rsamonte/Embedded_Systems/Driver Development/MCU1/stm32f4xx_drivers/BSP" -O0 -ffunction-sections -fdata-sections -Wall -fstack-usage -MMD -MP -MF"drivers/Src/stm32f407xx_gpio_driver.d" -MT"drivers/Src/stm32f407xx_gpio_driver.o" --specs=nano.specs -mfpu=fpv4-sp-d16 -mfloat-abi=hard -mthumb -o "drivers/Src/stm32f407xx_gpio_driver.o"
arm-none-eabi-gcc "../drivers/Src/stm32f407xx_i2c_driver.c" -mcpu=cortex-m4 -std=gnu11 -g3 -DDEBUG -DSTM32 -DSTM32F407G_DISC1 -DSTM32F4 -DSTM32F407VGTx -c -I../Inc -I"C:/Users/rsamonte/Embedded_Systems/Driver Development/MCU1/stm32f4xx_drivers/drivers/Inc" -I"C:/Users/rsamonte/Embedded_Systems/Driver Development/MCU1/stm32f4xx_drivers/BSP" -O0 -ffunction-sections -fdata-sections -Wall -fstack-usage -MMD -MP -MF"drivers/Src/stm32f407xx_i2c_driver.d" -MT"drivers/Src/stm32f407xx_i2c_driver.o" --specs=nano.specs -mfpu=fpv4-sp-d16 -mfloat-abi=hard -mthumb -o "drivers/Src/stm32f407xx_i2c_driver.o"
arm-none-eabi-gcc "../drivers/Src/stm32f407xx_rcc_driver.c" -mcpu=cortex-m4 -std=gnu11 -g3 -DDEBUG -DSTM32 -DSTM32F407G_DISC1 -DSTM32F4 -DSTM32F407VGTx -c -I../Inc -I"C:/Users/rsamonte/Embedded_Systems/Driver Development/MCU1/stm32f4xx_drivers/drivers/Inc" -I"C:/Users/rsamonte/Embedded_Systems/Driver Development/MCU1/stm32f4xx_drivers/BSP" -O0 -ffunction-sections -fdata-sections -Wall -fstack-usage -MMD -MP -MF"drivers/Src/stm32f407xx_rcc_driver.d" -MT"drivers/Src/stm32f407xx_rcc_driver.o" --specs=nano.specs -mfpu=fpv4-sp-d16 -mfloat-abi=hard -mthumb -o "drivers/Src/stm32f407xx_rcc_driver.o"
arm-none-eabi-gcc "../drivers/Src/stm32f407xx_spi_driver.c" -mcpu=cortex-m4 -std=gnu11 -g3 -DDEBUG -DSTM32 -DSTM32F407G_DISC1 -DSTM32F4 -DSTM32F407VGTx -c -I../Inc -I"C:/Users/rsamonte/Embedded_Systems/Driver Development/MCU1/stm32f4xx_drivers/drivers/Inc" -I"C:/Users/rsamonte/Embedded_Systems/Driver Development/MCU1/stm32f4xx_drivers/BSP" -O0 -ffunction-sections -fdata-sections -Wall -fstack-usage -MMD -MP -MF"drivers/Src/stm32f407xx_spi_driver.d" -MT"drivers/Src/stm32f407xx_spi_driver.o" --specs=nano.specs -mfpu=fpv4-sp-d16 -mfloat-abi=hard -mthumb -o "drivers/Src/stm32f407xx_spi_driver.o"
arm-none-eabi-gcc "../drivers/Src/stm32f407xx_usart_driver.c" -mcpu=cortex-m4 -std=gnu11 -g3 -DDEBUG -DSTM32 -DSTM32F407G_DISC1 -DSTM32F4 -DSTM32F407VGTx -c -I../Inc -I"C:/Users/rsamonte/Embedded_Systems/Driver Development/MCU1/stm32f4xx_drivers/drivers/Inc" -I"C:/Users/rsamonte/Embedded_Systems/Driver Development/MCU1/stm32f4xx_drivers/BSP" -O0 -ffunction-sections -fdata-sections -Wall -fstack-usage -MMD -MP -MF"drivers/Src/stm32f407xx_usart_driver.d" -MT"drivers/Src/stm32f407xx_usart_driver.o" --specs=nano.specs -mfpu=fpv4-sp-d16 -mfloat-abi=hard -mthumb -o "drivers/Src/stm32f407xx_usart_driver.o"
arm-none-eabi-gcc -mcpu=cortex-m4 -g3 -DDEBUG -c -x assembler-with-cpp -MMD -MP -MF"Startup/startup_stm32f407vgtx.d" -MT"Startup/startup_stm32f407vgtx.o" --specs=nano.specs -mfpu=fpv4-sp-d16 -mfloat-abi=hard -mthumb -o "Startup/startup_stm32f407vgtx.o" "../Startup/startup_stm32f407vgtx.s"
arm-none-eabi-gcc "../Src/010i2c_master_tx_testing.c" -mcpu=cortex-m4 -std=gnu11 -g3 -DDEBUG -DSTM32 -DSTM32F407G_DISC1 -DSTM32F4 -DSTM32F407VGTx -c -I../Inc -I"C:/Users/rsamonte/Embedded_Systems/Driver Development/MCU1/stm32f4xx_drivers/drivers/Inc" -I"C:/Users/rsamonte/Embedded_Systems/Driver Development/MCU1/stm32f4xx_drivers/BSP" -O0 -ffunction-sections -fdata-sections -Wall -fstack-usage -MMD -MP -MF"Src/010i2c_master_tx_testing.d" -MT"Src/010i2c_master_tx_testing.o" --specs=nano.specs -mfpu=fpv4-sp-d16 -mfloat-abi=hard -mthumb -o "Src/010i2c_master_tx_testing.o"
arm-none-eabi-gcc "../Src/syscalls.c" -mcpu=cortex-m4 -std=gnu11 -g3 -DDEBUG -DSTM32 -DSTM32F407G_DISC1 -DSTM32F4 -DSTM32F407VGTx -c -I../Inc -I"C:/Users/rsamonte/Embedded_Systems/Driver Development/MCU1/stm32f4xx_drivers/drivers/Inc" -I"C:/Users/rsamonte/Embedded_Systems/Driver Development/MCU1/stm32f4xx_drivers/BSP" -O0 -ffunction-sections -fdata-sections -Wall -fstack-usage -MMD -MP -MF"Src/syscalls.d" -MT"Src/syscalls.o" --specs=nano.specs -mfpu=fpv4-sp-d16 -mfloat-abi=hard -mthumb -o "Src/syscalls.o"
arm-none-eabi-gcc "../Src/sysmem.c" -mcpu=cortex-m4 -std=gnu11 -g3 -DDEBUG -DSTM32 -DSTM32F407G_DISC1 -DSTM32F4 -DSTM32F407VGTx -c -I../Inc -I"C:/Users/rsamonte/Embedded_Systems/Driver Development/MCU1/stm32f4xx_drivers/drivers/Inc" -I"C:/Users/rsamonte/Embedded_Systems/Driver Development/MCU1/stm32f4xx_drivers/BSP" -O0 -ffunction-sections -fdata-sections -Wall -fstack-usage -MMD -MP -MF"Src/sysmem.d" -MT"Src/sysmem.o" --specs=nano.specs -mfpu=fpv4-sp-d16 -mfloat-abi=hard -mthumb -o "Src/sysmem.o"
arm-none-eabi-gcc "../BSP/ds1307.c" -mcpu=cortex-m4 -std=gnu11 -g3 -DDEBUG -DSTM32 -DSTM32F407G_DISC1 -DSTM32F4 -DSTM32F407VGTx -c -I../Inc -I"C:/Users/rsamonte/Embedded_Systems/Driver Development/MCU1/stm32f4xx_drivers/drivers/Inc" -I"C:/Users/rsamonte/Embedded_Systems/Driver Development/MCU1/stm32f4xx_drivers/BSP" -O0 -ffunction-sections -fdata-sections -Wall -fstack-usage -MMD -MP -MF"BSP/ds1307.d" -MT"BSP/ds1307.o" --specs=nano.specs -mfpu=fpv4-sp-d16 -mfloat-abi=hard -mthumb -o "BSP/ds1307.o"
arm-none-eabi-gcc "../BSP/lcd.c" -mcpu=cortex-m4 -std=gnu11 -g3 -DDEBUG -DSTM32 -DSTM32F407G_DISC1 -DSTM32F4 -DSTM32F407VGTx -c -I../Inc -I"C:/Users/rsamonte/Embedded_Systems/Driver Development/MCU1/stm32f4xx_drivers/drivers/Inc" -I"C:/Users/rsamonte/Embedded_Systems/Driver Development/MCU1/stm32f4xx_drivers/BSP" -O0 -ffunction-sections -fdata-sections -Wall -fstack-usage -MMD -MP -MF"BSP/lcd.d" -MT"BSP/lcd.o" --specs=nano.specs -mfpu=fpv4-sp-d16 -mfloat-abi=hard -mthumb -o "BSP/lcd.o"
../drivers/Src/stm32f407xx_usart_driver.c: In function 'USART_IRQHandling':
../drivers/Src/stm32f407xx_usart_driver.c:643:26: warning: variable 'temp3' set but not used [-Wunused-but-set-variable]
  643 |  uint32_t temp1 , temp2, temp3;
      |                          ^~~~~
arm-none-eabi-gcc -o "stm32f4xx_drivers.elf" @"objects.list"   -mcpu=cortex-m4 -T"C:\Users\rsamonte\Embedded_Systems\Driver Development\MCU1\stm32f4xx_drivers\STM32F407VGTX_FLASH.ld" --specs=nosys.specs -Wl,-Map="stm32f4xx_drivers.map" -Wl,--gc-sections -static --specs=nano.specs -mfpu=fpv4-sp-d16 -mfloat-abi=hard -mthumb -Wl,--start-group -lc -lm -Wl,--end-group
Finished building target: stm32f4xx_drivers.elf
 
arm-none-eabi-size   stm32f4xx_drivers.elf 
arm-none-eabi-objdump -h -S  stm32f4xx_drivers.elf  > "stm32f4xx_drivers.list"
arm-none-eabi-objcopy  -O binary  stm32f4xx_drivers.elf  "stm32f4xx_drivers.bin"
   text	   data	    bss	    dec	    hex	filename
   3720	     60	   1604	   5384	   1508	stm32f4xx_drivers.elf
Finished building: default.size.stdout
 
Finished building: stm32f4xx_drivers.bin
Finished building: stm32f4xx_drivers.list
 
 
01:36:26 **** Incremental Build of configuration Debug for project stm32f4xx_drivers ****
make -j12 all 
arm-none-eabi-size   stm32f4xx_drivers.elf 
   text	   data	    bss	    dec	    hex	filename
   3720	     60	   1604	   5384	   1508	stm32f4xx_drivers.elf
Finished building: default.size.stdout
 
01:37:23 **** Incremental Build of configuration Debug for project stm32f4xx_drivers ****
make -j12 all 
arm-none-eabi-size   stm32f4xx_drivers.elf 
   text	   data	    bss	    dec	    hex	filename
   3720	     60	   1604	   5384	   1508	stm32f4xx_drivers.elf
Finished building: default.size.stdout
 
01:42:46 **** Incremental Build of configuration Debug for project stm32f4xx_drivers ****
make -j12 all 
arm-none-eabi-size   stm32f4xx_drivers.elf 
   text	   data	    bss	    dec	    hex	filename
   3720	     60	   1604	   5384	   1508	stm32f4xx_drivers.elf
Finished building: default.size.stdout
 
01:50:50 **** Incremental Build of configuration Debug for project stm32f4xx_drivers ****
make -j12 all 
arm-none-eabi-size   stm32f4xx_drivers.elf 
   text	   data	    bss	    dec	    hex	filename
   3720	     60	   1604	   5384	   1508	stm32f4xx_drivers.elf
Finished building: default.size.stdout
 
01:52:45 **** Clean-only build of configuration Debug for project stm32f4xx_drivers ****
make -j12 clean 
rm -rf ./drivers/Src/stm32f407xx_gpio_driver.d ./drivers/Src/stm32f407xx_gpio_driver.o ./drivers/Src/stm32f407xx_i2c_driver.d ./drivers/Src/stm32f407xx_i2c_driver.o ./drivers/Src/stm32f407xx_rcc_driver.d ./drivers/Src/stm32f407xx_rcc_driver.o ./drivers/Src/stm32f407xx_spi_driver.d ./drivers/Src/stm32f407xx_spi_driver.o ./drivers/Src/stm32f407xx_usart_driver.d ./drivers/Src/stm32f407xx_usart_driver.o
rm -rf ./Startup/startup_stm32f407vgtx.d ./Startup/startup_stm32f407vgtx.o
rm -rf ./Src/010i2c_master_tx_testing.d ./Src/010i2c_master_tx_testing.o ./Src/syscalls.d ./Src/syscalls.o ./Src/sysmem.d ./Src/sysmem.o
rm -rf ./BSP/ds1307.d ./BSP/ds1307.o ./BSP/lcd.d ./BSP/lcd.o
rm -rf default.size.stdout stm32f4xx_drivers.bin stm32f4xx_drivers.elf stm32f4xx_drivers.list
rm: can't remove 'stm32f4xx_drivers.elf': Permission denied
make: [makefile:86: clean] Error 1 (ignored)
 
01:52:46 **** Incremental Build of configuration Debug for project stm32f4xx_drivers ****
make -j12 all 
arm-none-eabi-gcc "../drivers/Src/stm32f407xx_gpio_driver.c" -mcpu=cortex-m4 -std=gnu11 -g3 -DDEBUG -DSTM32 -DSTM32F407G_DISC1 -DSTM32F4 -DSTM32F407VGTx -c -I../Inc -I"C:/Users/rsamonte/Embedded_Systems/Driver Development/MCU1/stm32f4xx_drivers/drivers/Inc" -I"C:/Users/rsamonte/Embedded_Systems/Driver Development/MCU1/stm32f4xx_drivers/BSP" -O0 -ffunction-sections -fdata-sections -Wall -fstack-usage -MMD -MP -MF"drivers/Src/stm32f407xx_gpio_driver.d" -MT"drivers/Src/stm32f407xx_gpio_driver.o" --specs=nano.specs -mfpu=fpv4-sp-d16 -mfloat-abi=hard -mthumb -o "drivers/Src/stm32f407xx_gpio_driver.o"
arm-none-eabi-gcc "../drivers/Src/stm32f407xx_i2c_driver.c" -mcpu=cortex-m4 -std=gnu11 -g3 -DDEBUG -DSTM32 -DSTM32F407G_DISC1 -DSTM32F4 -DSTM32F407VGTx -c -I../Inc -I"C:/Users/rsamonte/Embedded_Systems/Driver Development/MCU1/stm32f4xx_drivers/drivers/Inc" -I"C:/Users/rsamonte/Embedded_Systems/Driver Development/MCU1/stm32f4xx_drivers/BSP" -O0 -ffunction-sections -fdata-sections -Wall -fstack-usage -MMD -MP -MF"drivers/Src/stm32f407xx_i2c_driver.d" -MT"drivers/Src/stm32f407xx_i2c_driver.o" --specs=nano.specs -mfpu=fpv4-sp-d16 -mfloat-abi=hard -mthumb -o "drivers/Src/stm32f407xx_i2c_driver.o"
arm-none-eabi-gcc "../drivers/Src/stm32f407xx_rcc_driver.c" -mcpu=cortex-m4 -std=gnu11 -g3 -DDEBUG -DSTM32 -DSTM32F407G_DISC1 -DSTM32F4 -DSTM32F407VGTx -c -I../Inc -I"C:/Users/rsamonte/Embedded_Systems/Driver Development/MCU1/stm32f4xx_drivers/drivers/Inc" -I"C:/Users/rsamonte/Embedded_Systems/Driver Development/MCU1/stm32f4xx_drivers/BSP" -O0 -ffunction-sections -fdata-sections -Wall -fstack-usage -MMD -MP -MF"drivers/Src/stm32f407xx_rcc_driver.d" -MT"drivers/Src/stm32f407xx_rcc_driver.o" --specs=nano.specs -mfpu=fpv4-sp-d16 -mfloat-abi=hard -mthumb -o "drivers/Src/stm32f407xx_rcc_driver.o"
arm-none-eabi-gcc "../drivers/Src/stm32f407xx_spi_driver.c" -mcpu=cortex-m4 -std=gnu11 -g3 -DDEBUG -DSTM32 -DSTM32F407G_DISC1 -DSTM32F4 -DSTM32F407VGTx -c -I../Inc -I"C:/Users/rsamonte/Embedded_Systems/Driver Development/MCU1/stm32f4xx_drivers/drivers/Inc" -I"C:/Users/rsamonte/Embedded_Systems/Driver Development/MCU1/stm32f4xx_drivers/BSP" -O0 -ffunction-sections -fdata-sections -Wall -fstack-usage -MMD -MP -MF"drivers/Src/stm32f407xx_spi_driver.d" -MT"drivers/Src/stm32f407xx_spi_driver.o" --specs=nano.specs -mfpu=fpv4-sp-d16 -mfloat-abi=hard -mthumb -o "drivers/Src/stm32f407xx_spi_driver.o"
arm-none-eabi-gcc "../drivers/Src/stm32f407xx_usart_driver.c" -mcpu=cortex-m4 -std=gnu11 -g3 -DDEBUG -DSTM32 -DSTM32F407G_DISC1 -DSTM32F4 -DSTM32F407VGTx -c -I../Inc -I"C:/Users/rsamonte/Embedded_Systems/Driver Development/MCU1/stm32f4xx_drivers/drivers/Inc" -I"C:/Users/rsamonte/Embedded_Systems/Driver Development/MCU1/stm32f4xx_drivers/BSP" -O0 -ffunction-sections -fdata-sections -Wall -fstack-usage -MMD -MP -MF"drivers/Src/stm32f407xx_usart_driver.d" -MT"drivers/Src/stm32f407xx_usart_driver.o" --specs=nano.specs -mfpu=fpv4-sp-d16 -mfloat-abi=hard -mthumb -o "drivers/Src/stm32f407xx_usart_driver.o"
arm-none-eabi-gcc -mcpu=cortex-m4 -g3 -DDEBUG -c -x assembler-with-cpp -MMD -MP -MF"Startup/startup_stm32f407vgtx.d" -MT"Startup/startup_stm32f407vgtx.o" --specs=nano.specs -mfpu=fpv4-sp-d16 -mfloat-abi=hard -mthumb -o "Startup/startup_stm32f407vgtx.o" "../Startup/startup_stm32f407vgtx.s"
arm-none-eabi-gcc "../Src/017rtc_lcd.c" -mcpu=cortex-m4 -std=gnu11 -g3 -DDEBUG -DSTM32 -DSTM32F407G_DISC1 -DSTM32F4 -DSTM32F407VGTx -c -I../Inc -I"C:/Users/rsamonte/Embedded_Systems/Driver Development/MCU1/stm32f4xx_drivers/drivers/Inc" -I"C:/Users/rsamonte/Embedded_Systems/Driver Development/MCU1/stm32f4xx_drivers/BSP" -O0 -ffunction-sections -fdata-sections -Wall -fstack-usage -MMD -MP -MF"Src/017rtc_lcd.d" -MT"Src/017rtc_lcd.o" --specs=nano.specs -mfpu=fpv4-sp-d16 -mfloat-abi=hard -mthumb -o "Src/017rtc_lcd.o"
arm-none-eabi-gcc "../Src/syscalls.c" -mcpu=cortex-m4 -std=gnu11 -g3 -DDEBUG -DSTM32 -DSTM32F407G_DISC1 -DSTM32F4 -DSTM32F407VGTx -c -I../Inc -I"C:/Users/rsamonte/Embedded_Systems/Driver Development/MCU1/stm32f4xx_drivers/drivers/Inc" -I"C:/Users/rsamonte/Embedded_Systems/Driver Development/MCU1/stm32f4xx_drivers/BSP" -O0 -ffunction-sections -fdata-sections -Wall -fstack-usage -MMD -MP -MF"Src/syscalls.d" -MT"Src/syscalls.o" --specs=nano.specs -mfpu=fpv4-sp-d16 -mfloat-abi=hard -mthumb -o "Src/syscalls.o"
arm-none-eabi-gcc "../Src/sysmem.c" -mcpu=cortex-m4 -std=gnu11 -g3 -DDEBUG -DSTM32 -DSTM32F407G_DISC1 -DSTM32F4 -DSTM32F407VGTx -c -I../Inc -I"C:/Users/rsamonte/Embedded_Systems/Driver Development/MCU1/stm32f4xx_drivers/drivers/Inc" -I"C:/Users/rsamonte/Embedded_Systems/Driver Development/MCU1/stm32f4xx_drivers/BSP" -O0 -ffunction-sections -fdata-sections -Wall -fstack-usage -MMD -MP -MF"Src/sysmem.d" -MT"Src/sysmem.o" --specs=nano.specs -mfpu=fpv4-sp-d16 -mfloat-abi=hard -mthumb -o "Src/sysmem.o"
arm-none-eabi-gcc "../BSP/ds1307.c" -mcpu=cortex-m4 -std=gnu11 -g3 -DDEBUG -DSTM32 -DSTM32F407G_DISC1 -DSTM32F4 -DSTM32F407VGTx -c -I../Inc -I"C:/Users/rsamonte/Embedded_Systems/Driver Development/MCU1/stm32f4xx_drivers/drivers/Inc" -I"C:/Users/rsamonte/Embedded_Systems/Driver Development/MCU1/stm32f4xx_drivers/BSP" -O0 -ffunction-sections -fdata-sections -Wall -fstack-usage -MMD -MP -MF"BSP/ds1307.d" -MT"BSP/ds1307.o" --specs=nano.specs -mfpu=fpv4-sp-d16 -mfloat-abi=hard -mthumb -o "BSP/ds1307.o"
arm-none-eabi-gcc "../BSP/lcd.c" -mcpu=cortex-m4 -std=gnu11 -g3 -DDEBUG -DSTM32 -DSTM32F407G_DISC1 -DSTM32F4 -DSTM32F407VGTx -c -I../Inc -I"C:/Users/rsamonte/Embedded_Systems/Driver Development/MCU1/stm32f4xx_drivers/drivers/Inc" -I"C:/Users/rsamonte/Embedded_Systems/Driver Development/MCU1/stm32f4xx_drivers/BSP" -O0 -ffunction-sections -fdata-sections -Wall -fstack-usage -MMD -MP -MF"BSP/lcd.d" -MT"BSP/lcd.o" --specs=nano.specs -mfpu=fpv4-sp-d16 -mfloat-abi=hard -mthumb -o "BSP/lcd.o"
../drivers/Src/stm32f407xx_usart_driver.c: In function 'USART_IRQHandling':
../drivers/Src/stm32f407xx_usart_driver.c:643:26: warning: variable 'temp3' set but not used [-Wunused-but-set-variable]
  643 |  uint32_t temp1 , temp2, temp3;
      |                          ^~~~~
../Src/017rtc_lcd.c:97:13: warning: 'mdelay' defined but not used [-Wunused-function]
   97 | static void mdelay(uint32_t cnt)
      |             ^~~~~~
arm-none-eabi-gcc -o "stm32f4xx_drivers.elf" @"objects.list"   -mcpu=cortex-m4 -T"C:\Users\rsamonte\Embedded_Systems\Driver Development\MCU1\stm32f4xx_drivers\STM32F407VGTX_FLASH.ld" --specs=nosys.specs -Wl,-Map="stm32f4xx_drivers.map" -Wl,--gc-sections -static --specs=nano.specs -mfpu=fpv4-sp-d16 -mfloat-abi=hard -mthumb -Wl,--start-group -lc -lm -Wl,--end-group
Finished building target: stm32f4xx_drivers.elf
 
arm-none-eabi-size   stm32f4xx_drivers.elf 
arm-none-eabi-objdump -h -S  stm32f4xx_drivers.elf  > "stm32f4xx_drivers.list"
arm-none-eabi-objcopy  -O binary  stm32f4xx_drivers.elf  "stm32f4xx_drivers.bin"
   text	   data	    bss	    dec	    hex	filename
  10444	    128	   1656	  12228	   2fc4	stm32f4xx_drivers.elf
Finished building: default.size.stdout
 
Finished building: stm32f4xx_drivers.bin
Finished building: stm32f4xx_drivers.list
 
 
01:55:58 **** Incremental Build of configuration Debug for project stm32f4xx_drivers ****
make -j12 all 
arm-none-eabi-size   stm32f4xx_drivers.elf 
   text	   data	    bss	    dec	    hex	filename
  10444	    128	   1656	  12228	   2fc4	stm32f4xx_drivers.elf
Finished building: default.size.stdout
 
01:58:59 **** Incremental Build of configuration Debug for project stm32f4xx_drivers ****
make -j12 all 
arm-none-eabi-size   stm32f4xx_drivers.elf 
   text	   data	    bss	    dec	    hex	filename
  10444	    128	   1656	  12228	   2fc4	stm32f4xx_drivers.elf
Finished building: default.size.stdout
 
02:06:07 **** Incremental Build of configuration Debug for project stm32f4xx_drivers ****
make -j12 all 
arm-none-eabi-size   stm32f4xx_drivers.elf 
   text	   data	    bss	    dec	    hex	filename
  10444	    128	   1656	  12228	   2fc4	stm32f4xx_drivers.elf
Finished building: default.size.stdout
 
02:06:24 **** Incremental Build of configuration Debug for project stm32f4xx_drivers ****
make -j12 all 
arm-none-eabi-gcc "../Src/017rtc_lcd.c" -mcpu=cortex-m4 -std=gnu11 -g3 -DDEBUG -DSTM32 -DSTM32F407G_DISC1 -DSTM32F4 -DSTM32F407VGTx -c -I../Inc -I"C:/Users/rsamonte/Embedded_Systems/Driver Development/MCU1/stm32f4xx_drivers/drivers/Inc" -I"C:/Users/rsamonte/Embedded_Systems/Driver Development/MCU1/stm32f4xx_drivers/BSP" -O0 -ffunction-sections -fdata-sections -Wall -fstack-usage -MMD -MP -MF"Src/017rtc_lcd.d" -MT"Src/017rtc_lcd.o" --specs=nano.specs -mfpu=fpv4-sp-d16 -mfloat-abi=hard -mthumb -o "Src/017rtc_lcd.o"
arm-none-eabi-gcc -o "stm32f4xx_drivers.elf" @"objects.list"   -mcpu=cortex-m4 -T"C:\Users\rsamonte\Embedded_Systems\Driver Development\MCU1\stm32f4xx_drivers\STM32F407VGTX_FLASH.ld" --specs=nosys.specs -Wl,-Map="stm32f4xx_drivers.map" -Wl,--gc-sections -static --specs=nano.specs -mfpu=fpv4-sp-d16 -mfloat-abi=hard -mthumb -Wl,--start-group -lc -lm -Wl,--end-group
Finished building target: stm32f4xx_drivers.elf
 
arm-none-eabi-size   stm32f4xx_drivers.elf 
arm-none-eabi-objdump -h -S  stm32f4xx_drivers.elf  > "stm32f4xx_drivers.list"
arm-none-eabi-objcopy  -O binary  stm32f4xx_drivers.elf  "stm32f4xx_drivers.bin"
   text	   data	    bss	    dec	    hex	filename
   9588	    128	   1656	  11372	   2c6c	stm32f4xx_drivers.elf
Finished building: default.size.stdout
 
Finished building: stm32f4xx_drivers.bin
Finished building: stm32f4xx_drivers.list
 
 
02:12:25 **** Incremental Build of configuration Debug for project stm32f4xx_drivers ****
make -j12 all 
arm-none-eabi-size   stm32f4xx_drivers.elf 
   text	   data	    bss	    dec	    hex	filename
   9588	    128	   1656	  11372	   2c6c	stm32f4xx_drivers.elf
Finished building: default.size.stdout
 
02:19:07 **** Incremental Build of configuration Debug for project 001HelloWorld ****
make -j12 all 
arm-none-eabi-size   001HelloWorld.elf 
   text	   data	    bss	    dec	    hex	filename
   3660	    108	   1596	   5364	   14f4	001HelloWorld.elf
Finished building: default.size.stdout
 
02:19:07 **** Incremental Build of configuration Debug for project stm32f4xx_drivers ****
make -j12 all 
arm-none-eabi-gcc "../drivers/Src/stm32f407xx_gpio_driver.c" -mcpu=cortex-m4 -std=gnu11 -g3 -DDEBUG -DSTM32 -DSTM32F407G_DISC1 -DSTM32F4 -DSTM32F407VGTx -c -I../Inc -I"C:/Users/rsamonte/Embedded_Systems/Driver Development/MCU1/stm32f4xx_drivers/drivers/Inc" -I"C:/Users/rsamonte/Embedded_Systems/Driver Development/MCU1/stm32f4xx_drivers/BSP" -O0 -ffunction-sections -fdata-sections -Wall -fstack-usage -MMD -MP -MF"drivers/Src/stm32f407xx_gpio_driver.d" -MT"drivers/Src/stm32f407xx_gpio_driver.o" --specs=nano.specs -mfpu=fpv4-sp-d16 -mfloat-abi=hard -mthumb -o "drivers/Src/stm32f407xx_gpio_driver.o"
arm-none-eabi-gcc -o "stm32f4xx_drivers.elf" @"objects.list"   -mcpu=cortex-m4 -T"C:\Users\rsamonte\Embedded_Systems\Driver Development\MCU1\stm32f4xx_drivers\STM32F407VGTX_FLASH.ld" --specs=nosys.specs -Wl,-Map="stm32f4xx_drivers.map" -Wl,--gc-sections -static --specs=nano.specs -mfpu=fpv4-sp-d16 -mfloat-abi=hard -mthumb -Wl,--start-group -lc -lm -Wl,--end-group
Finished building target: stm32f4xx_drivers.elf
 
arm-none-eabi-size   stm32f4xx_drivers.elf 
arm-none-eabi-objdump -h -S  stm32f4xx_drivers.elf  > "stm32f4xx_drivers.list"
arm-none-eabi-objcopy  -O binary  stm32f4xx_drivers.elf  "stm32f4xx_drivers.bin"
   text	   data	    bss	    dec	    hex	filename
   9592	    128	   1656	  11376	   2c70	stm32f4xx_drivers.elf
Finished building: default.size.stdout
 
Finished building: stm32f4xx_drivers.bin
Finished building: stm32f4xx_drivers.list
 
 
02:20:09 **** Incremental Build of configuration Debug for project stm32f4xx_drivers ****
make -j12 all 
arm-none-eabi-size   stm32f4xx_drivers.elf 
   text	   data	    bss	    dec	    hex	filename
   9592	    128	   1656	  11376	   2c70	stm32f4xx_drivers.elf
Finished building: default.size.stdout
 
02:20:27 **** Incremental Build of configuration Debug for project stm32f4xx_drivers ****
make -j12 all 
arm-none-eabi-size   stm32f4xx_drivers.elf 
   text	   data	    bss	    dec	    hex	filename
   9592	    128	   1656	  11376	   2c70	stm32f4xx_drivers.elf
Finished building: default.size.stdout
 
