22:45:03 **** Build of configuration Debug for project HSE2NUCLEO ****
make -j12 all 
arm-none-eabi-gcc -mcpu=cortex-m4 -g3 -DDEBUG -c -x assembler-with-cpp -MMD -MP -MF"Startup/startup_stm32f446retx.d" -MT"Startup/startup_stm32f446retx.o" --specs=nano.specs -mfpu=fpv4-sp-d16 -mfloat-abi=hard -mthumb -o "Startup/startup_stm32f446retx.o" "../Startup/startup_stm32f446retx.s"
arm-none-eabi-gcc "../Src/main.c" -mcpu=cortex-m4 -std=gnu11 -g3 -DDEBUG -DSTM32 -DSTM32F4 -DSTM32F446RETx -DNUCLEO_F446RE -c -I../Inc -O0 -ffunction-sections -fdata-sections -Wall -fstack-usage -MMD -MP -MF"Src/main.d" -MT"Src/main.o" --specs=nano.specs -mfpu=fpv4-sp-d16 -mfloat-abi=hard -mthumb -o "Src/main.o"
arm-none-eabi-gcc "../Src/syscalls.c" -mcpu=cortex-m4 -std=gnu11 -g3 -DDEBUG -DSTM32 -DSTM32F4 -DSTM32F446RETx -DNUCLEO_F446RE -c -I../Inc -O0 -ffunction-sections -fdata-sections -Wall -fstack-usage -MMD -MP -MF"Src/syscalls.d" -MT"Src/syscalls.o" --specs=nano.specs -mfpu=fpv4-sp-d16 -mfloat-abi=hard -mthumb -o "Src/syscalls.o"
arm-none-eabi-gcc "../Src/sysmem.c" -mcpu=cortex-m4 -std=gnu11 -g3 -DDEBUG -DSTM32 -DSTM32F4 -DSTM32F446RETx -DNUCLEO_F446RE -c -I../Inc -O0 -ffunction-sections -fdata-sections -Wall -fstack-usage -MMD -MP -MF"Src/sysmem.d" -MT"Src/sysmem.o" --specs=nano.specs -mfpu=fpv4-sp-d16 -mfloat-abi=hard -mthumb -o "Src/sysmem.o"
arm-none-eabi-gcc -o "HSE2NUCLEO.elf" @"objects.list"   -mcpu=cortex-m4 -T"C:\Users\rsamonte\Embedded_Systems\Driver Development\MCU1\HSE2NUCLEO\STM32F446RETX_FLASH.ld" --specs=nosys.specs -Wl,-Map="HSE2NUCLEO.map" -Wl,--gc-sections -static --specs=nano.specs -mfpu=fpv4-sp-d16 -mfloat-abi=hard -mthumb -Wl,--start-group -lc -lm -Wl,--end-group
Finished building target: HSE2NUCLEO.elf
 
arm-none-eabi-size   HSE2NUCLEO.elf 
arm-none-eabi-objdump -h -S  HSE2NUCLEO.elf  > "HSE2NUCLEO.list"
arm-none-eabi-objcopy  -O binary  HSE2NUCLEO.elf  "HSE2NUCLEO.bin"
   text	   data	    bss	    dec	    hex	filename
    864	      8	   1568	   2440	    988	HSE2NUCLEO.elf
Finished building: default.size.stdout
 
Finished building: HSE2NUCLEO.list
Finished building: HSE2NUCLEO.bin
 
 

22:45:04 Build Finished. 0 errors, 0 warnings. (took 1s.76ms)

