stm32f407xx_spi_driver.c:36:6:SPI_PeriClockControl	16	static
stm32f407xx_spi_driver.c:89:6:SPI_Init	24	static
stm32f407xx_spi_driver.c:152:6:SPI_DeInit	16	static
stm32f407xx_spi_driver.c:166:9:SPI_GetFlagStatus	16	static
stm32f407xx_spi_driver.c:195:6:SPI_SendData	24	static
stm32f407xx_spi_driver.c:238:6:SPI_ReceiveData	24	static
stm32f407xx_spi_driver.c:288:6:SPI_IRQInterruptConfig	16	static
stm32f407xx_spi_driver.c:340:6:SPI_IRQPriorityConfig	24	static
stm32f407xx_spi_driver.c:366:6:SPI_IRQHandling	24	static
stm32f407xx_spi_driver.c:416:9:SPI_SendDataIT	32	static
stm32f407xx_spi_driver.c:456:9:SPI_ReceiveDataIT	32	static
stm32f407xx_spi_driver.c:504:6:SPI_PeripheralControl	16	static
stm32f407xx_spi_driver.c:529:6:SPI_SSIConfig	16	static
stm32f407xx_spi_driver.c:553:6:SPI_SSOEConfig	16	static
stm32f407xx_spi_driver.c:565:13:spi_txe_handle_interrupt_handle	16	static
stm32f407xx_spi_driver.c:597:13:spi_rnxe_handle_interrupt_handle	16	static
stm32f407xx_spi_driver.c:626:13:spi_ovrr_err_interrupt_handle	24	static
stm32f407xx_spi_driver.c:642:6:SPI_CloseTransmisson	16	static
stm32f407xx_spi_driver.c:651:6:SPI_CloseReception	16	static
stm32f407xx_spi_driver.c:662:6:SPI_ClearOVRFlag	24	static
stm32f407xx_spi_driver.c:673:13:SPI_ApplicationEventCallback	16	static
